10-22 10:36:24.281 20647 16855 W jun.blackdexa32: ApkAssets: Deleting an ApkAssets object '<empty> and /data/app/~~8RB3o4zhgVdWoK-wY7mBRQ==/com.binance.dev-O8WMxl7hVggeqE0kU7Sy9g==/split_major.apk' with 1 weak references
10-22 10:36:24.282 20647 16855 W jun.blackdexa32: ApkAssets: Deleting an ApkAssets object '<empty> and /data/app/~~8RB3o4zhgVdWoK-wY7mBRQ==/com.binance.dev-O8WMxl7hVggeqE0kU7Sy9g==/split_major.config.arm64_v8a.apk' with 1 weak references
10-22 10:36:24.282 20647 16855 W jun.blackdexa32: ApkAssets: Deleting an ApkAssets object '<empty> and /data/app/~~8RB3o4zhgVdWoK-wY7mBRQ==/com.binance.dev-O8WMxl7hVggeqE0kU7Sy9g==/split_major.config.xxhdpi.apk' with 1 weak references
10-22 10:36:24.282 20647 16855 W jun.blackdexa32: ApkAssets: Deleting an ApkAssets object '<empty> and /data/app/~~8RB3o4zhgVdWoK-wY7mBRQ==/com.binance.dev-O8WMxl7hVggeqE0kU7Sy9g==/split_mpc.apk' with 1 weak references
10-22 10:36:24.282 20647 16855 W jun.blackdexa32: ApkAssets: Deleting an ApkAssets object '<empty> and /data/app/~~8RB3o4zhgVdWoK-wY7mBRQ==/com.binance.dev-O8WMxl7hVggeqE0kU7Sy9g==/split_mpc.config.arm64_v8a.apk' with 1 weak references
10-22 10:36:24.282 20647 16855 W jun.blackdexa32: ApkAssets: Deleting an ApkAssets object '<empty> and /data/app/~~8RB3o4zhgVdWoK-wY7mBRQ==/com.binance.dev-O8WMxl7hVggeqE0kU7Sy9g==/split_mpc.config.xxhdpi.apk' with 1 weak references
10-22 10:36:24.282 20647 16855 W jun.blackdexa32: ApkAssets: Deleting an ApkAssets object '<empty> and /data/app/~~8RB3o4zhgVdWoK-wY7mBRQ==/com.binance.dev-O8WMxl7hVggeqE0kU7Sy9g==/split_trade.apk' with 1 weak references
10-22 10:36:24.282 20647 16855 W jun.blackdexa32: ApkAssets: Deleting an ApkAssets object '<empty> and /data/app/~~8RB3o4zhgVdWoK-wY7mBRQ==/com.binance.dev-O8WMxl7hVggeqE0kU7Sy9g==/split_trade.config.xxhdpi.apk' with 1 weak references
10-22 10:36:24.282 20647 16855 W jun.blackdexa32: ApkAssets: Deleting an ApkAssets object '<empty> and /data/app/~~xrH4axK5Y5n2JhyeiHq3Lw==/com.nordskog.LesserAudioSwitch-9cyXT3xdo7KEaW-NeAC_9w==/base.apk' with 1 weak references
10-22 10:36:24.282 20647 16855 W jun.blackdexa32: ApkAssets: Deleting an ApkAssets object '<empty> and /data/app/~~SBHLAitIy6FgG-7hkILDIg==/com.kvassyu.coding2.cpp-Q3smlsQeh3IxsGyVuBbcGA==/base.apk' with 1 weak references
10-22 10:36:24.282 20647 16855 W jun.blackdexa32: ApkAssets: Deleting an ApkAssets object '<empty> and /data/app/~~SBHLAitIy6FgG-7hkILDIg==/com.kvassyu.coding2.cpp-Q3smlsQeh3IxsGyVuBbcGA==/split_config.ar.apk' with 1 weak references
10-22 10:36:24.282 20647 16855 W jun.blackdexa32: ApkAssets: Deleting an ApkAssets object '<empty> and /data/app/~~SBHLAitIy6FgG-7hkILDIg==/com.kvassyu.coding2.cpp-Q3smlsQeh3IxsGyVuBbcGA==/split_config.arm64_v8a.apk' with 1 weak references
10-22 10:36:24.283 20647 16855 W jun.blackdexa32: ApkAssets: Deleting an ApkAssets object '<empty> and /data/app/~~SBHLAitIy6FgG-7hkILDIg==/com.kvassyu.coding2.cpp-Q3smlsQeh3IxsGyVuBbcGA==/split_config.xxhdpi.apk' with 1 weak references
10-22 10:36:24.283 20647 16855 W jun.blackdexa32: ApkAssets: Deleting an ApkAssets object '<empty> and /data/app/~~BYhbeeJ9CIUGv66ktmwVGQ==/com.google.android.play.games-59YFNicnsCPglT8f_Zd8Rg==/base.apk' with 1 weak references
10-22 10:36:24.283 20647 16855 W jun.blackdexa32: ApkAssets: Deleting an ApkAssets object '<empty> and /data/app/~~BYhbeeJ9CIUGv66ktmwVGQ==/com.google.android.play.games-59YFNicnsCPglT8f_Zd8Rg==/split_config.ar.apk' with 1 weak references
10-22 10:36:24.283 20647 16855 W jun.blackdexa32: ApkAssets: Deleting an ApkAssets object '<empty> and /data/app/~~BYhbeeJ9CIUGv66ktmwVGQ==/com.google.android.play.games-59YFNicnsCPglT8f_Zd8Rg==/split_config.arm64_v8a.apk' with 1 weak references
10-22 10:36:24.283 20647 16855 W jun.blackdexa32: ApkAssets: Deleting an ApkAssets object '<empty> and /data/app/~~BYhbeeJ9CIUGv66ktmwVGQ==/com.google.android.play.games-59YFNicnsCPglT8f_Zd8Rg==/split_config.xxhdpi.apk' with 1 weak references
10-22 10:36:24.283 20647 16855 W jun.blackdexa32: ApkAssets: Deleting an ApkAssets object '<empty> and /data/app/~~OxxJK4si2RgK6DjrEFcaOw==/com.google.android.libraries.internal.sampleads_20008-UUU0WJymXIXW2p4xwxpr1w==/base.apk' with 1 weak references
10-22 10:37:06.929 20647 20647 D BufferQueueConsumer: [](id:50a700000002,api:0,p:-1,c:20647) connect: controlledByApp=false
10-22 10:37:06.932 20647 16909 E OpenGLRenderer: Unable to match the desired swap behavior.
10-22 10:37:06.947 20647 16909 D BLASTBufferQueue: [VRI[MainActivity]#2](f:0,a:1) acquireNextBufferLocked size=1080x824 mFrameNumber=1 applyTransaction=true mTimestamp=12466925965126(auto) mPendingTransactions.size=0 graphicBufferId=88678189760528 transform=0
10-22 10:37:06.985 20647 20647 D VRI[MainActivity]: hardware acceleration = true, forceHwAccelerated = false
10-22 10:37:07.002 20647 20647 D InputTransport: Create ARC handle: 0xd7f29ad0
10-22 10:37:07.002 20647 20647 D InputEventReceiver: Input log is disabled in InputEventReceiver.
10-22 10:37:07.002 20647 20647 D InputTransport: Input log is disabled in InputChannel.
10-22 10:37:07.002 20647 20647 D TranActivityAppturboImpl: onResumeHork
10-22 10:37:07.017 20647 16900 W SQLiteLog: (28) double-quoted string literal: "UjftmJwNeB//pVBx7mhtEUpD0ov9epSS2vA4IHQ5COzCu2dAPW6k7O1ShPKbPL3Z+k8H1SfDmJqg
10-22 10:37:07.017 20647 16900 W SQLiteLog: XF6E8SppJw==
10-22 10:37:07.017 20647 16900 W SQLiteLog: "
10-22 10:37:07.017 20647 16900 W SQLiteLog: (28) double-quoted string literal: "C7E224705C8DACEB50929AB327CF67EB"
10-22 10:37:07.018 20647 16900 W SQLiteLog: (28) double-quoted string literal: "1729582578598"
10-22 10:37:07.018 20647 16900 W SQLiteLog: (28) double-quoted string literal: "C7E224705C8DACEB50929AB327CF67EB"
10-22 10:37:07.027 20647 16900 W SQLiteLog: (28) double-quoted string literal: "1729582578598"
10-22 10:37:07.027 20647 16900 W SQLiteLog: (28) double-quoted string literal: "0"
10-22 10:37:07.027 20647 16900 W SQLiteLog: (28) double-quoted string literal: ""
10-22 10:37:07.027 20647 16900 W SQLiteLog: (28) double-quoted string literal: ""
10-22 10:37:07.027 20647 16900 W SQLiteLog: (28) double-quoted string literal: "C7E224705C8DACEB50929AB327CF67EB"
10-22 10:37:07.050 20647 20647 D BufferQueueConsumer: [](id:50a700000003,api:0,p:-1,c:20647) connect: controlledByApp=false
10-22 10:37:07.053 20647 16909 E OpenGLRenderer: Unable to match the desired swap behavior.
10-22 10:37:07.077 20647 16909 D BLASTBufferQueue: [VRI[MainActivity]#3](f:0,a:1) acquireNextBufferLocked size=1080x2436 mFrameNumber=1 applyTransaction=true mTimestamp=12467056527973(auto) mPendingTransactions.size=0 graphicBufferId=88678189760538 transform=0
10-22 10:37:07.115 20647 20647 D BufferQueueConsumer: [](id:50a700000004,api:0,p:-1,c:20647) connect: controlledByApp=false
10-22 10:37:07.118 20647 20647 I config_debug: updateDecorCaptionStatus: {1.0 418mcc20mnc [ar_EG] ldrtl sw360dp w360dp h736dp 480dpi nrml long widecg port night finger -keyb/v/h -nav/h winConfig={ mBounds=Rect(0, 0 - 1080, 2436) mAppBounds=Rect(0, 108 - 1080, 2316) mMaxBounds=Rect(0, 0 - 1080, 2436) mDisplayRotation=ROTATION_0 mWindowingMode=fullscreen mDisplayWindowingMode=fullscreen mMultiWindowMode=normal mMultiWindowId=0 mWindowResiable=6 mInLargeScreen=-1 mActivityType=standard mAlwaysOnTop=undefined mRotation=ROTATION_0} s.1 fontWeightAdjustment=0} fromMultiWindow: true
10-22 10:37:07.119 20647 16909 E OpenGLRenderer: Unable to match the desired swap behavior.
10-22 10:37:07.136 20647 16909 D BLASTBufferQueue: [VRI[MainActivity]#4](f:0,a:1) acquireNextBufferLocked size=1080x824 mFrameNumber=1 applyTransaction=true mTimestamp=12467115388280(auto) mPendingTransactions.size=0 graphicBufferId=88678189760546 transform=0
10-22 10:37:07.151 20647 16900 W SQLiteLog: (28) double-quoted string literal: "CC3FD94CEE17539EAE5095F662C3357C"
10-22 10:37:07.156 20647 16900 W SQLiteLog: (28) double-quoted string literal: "CC3FD94CEE17539EAE5095F662C3357C"
10-22 10:37:07.156 20647 16900 W SQLiteLog: (28) double-quoted string literal: ""
10-22 10:37:07.157 20647 16900 W SQLiteLog: (28) double-quoted string literal: "CC3FD94CEE17539EAE5095F662C3357C"
10-22 10:37:07.157 20647 16900 W SQLiteLog: (28) double-quoted string literal: "-1"
10-22 10:37:07.160 20647 16901 D TrafficStats: tagSocket(244) with statsTag=0xffffffff, statsUid=-1
10-22 10:37:07.219 20647 16900 W SQLiteLog: (28) double-quoted string literal: "C7E224705C8DACEB50929AB327CF67EB"
10-22 10:37:07.716 20647 20647 I ImeTracker: top.niunaijun.blackdexa32:622adf71: onRequestHide at ORIGIN_CLIENT_HIDE_SOFT_INPUT reason HIDE_SOFT_INPUT
10-22 10:37:07.719 20647 20647 W WindowOnBackDispatcher: sendCancelIfRunning: isInProgress=falsecallback=android.view.ViewRootImpl$$ExternalSyntheticLambda19@79aadce
10-22 10:37:07.727 20647 16909 D OpenGLRenderer: endAllActiveAnimators on 0xe3a34090 (RippleDrawable) with handle 0xd7f1f350
10-22 10:37:07.727 20647 20647 D View    : [Warning] assignParent to null: this = DecorView@ec3cadb[MainActivity]
10-22 10:37:07.738 20647 16928 D BLASTBufferQueue: [VRI[MainActivity]#4](f:0,a:1) destructor()
10-22 10:37:07.738 20647 16928 D BufferQueueConsumer: [VRI[MainActivity]#4(BLAST Consumer)4](id:50a700000004,api:0,p:-1,c:20647) disconnect
10-22 10:37:07.743 20647 20647 D InputTransport: Destroy ARC handle: 0xd7f29ad0
10-22 10:37:07.749 20647 16900 W SQLiteLog: (28) double-quoted string literal: "+RDNGgHSh7AsCwLQGcPzUWQkChVujjXu9JJd+g2bODGym2ZleMgGirm4dGegrESanZjm1cFwWXvV
10-22 10:37:07.749 20647 16900 W SQLiteLog: d4SXvP+Qu2s8AD6yuqFZgrqRQI+eCglcQANpdHqk2eVwRyN8ntruCIejVSZpReP6hkVBT0XLy84r
10-22 10:37:07.749 20647 16900 W SQLiteLog: ONncYIQkwmDPIvCmUf94UAyM
10-22 10:37:07.749 20647 16900 W SQLiteLog: (28) double-quoted string literal: "CC3FD94CEE17539EAE5095F662C3357C"
10-22 10:37:08.194 20647 20647 D BLASTBufferQueue: [VRI[MainActivity]#3](f:0,a:1) destructor()
10-22 10:37:08.195 20647 20647 D BufferQueueConsumer: [VRI[MainActivity]#3(BLAST Consumer)3](id:50a700000003,api:0,p:-1,c:20647) disconnect
10-22 10:37:08.213 20647 20647 D BLASTBufferQueue: [VRI[MainActivity]#2](f:0,a:1) destructor()
10-22 10:37:08.214 20647 20647 D BufferQueueConsumer: [VRI[MainActivity]#2(BLAST Consumer)2](id:50a700000002,api:0,p:-1,c:20647) disconnect
10-22 10:37:09.071 20647 16901 D TrafficStats: tagSocket(3) with statsTag=0xffffffff, statsUid=-1
10-22 10:37:09.670 20647 20647 D BufferQueueConsumer: [](id:50a700000005,api:0,p:-1,c:20647) connect: controlledByApp=false
10-22 10:37:09.672 20647 16909 E OpenGLRenderer: Unable to match the desired swap behavior.
10-22 10:37:09.678 20647 16909 D BLASTBufferQueue: [VRI[MainActivity]#5](f:0,a:1) acquireNextBufferLocked size=1080x824 mFrameNumber=1 applyTransaction=true mTimestamp=12469656924280(auto) mPendingTransactions.size=0 graphicBufferId=88678189760552 transform=0
10-22 10:37:09.684 20647 20647 D TranActivityAppturboImpl: onResumeHork
10-22 10:37:09.691 20647 16900 W SQLiteLog: (28) double-quoted string literal: "CC3FD94CEE17539EAE5095F662C3357C"
10-22 10:37:09.691 20647 16900 W SQLiteLog: (28) double-quoted string literal: ""
10-22 10:37:09.691 20647 16900 W SQLiteLog: (28) double-quoted string literal: "CC3FD94CEE17539EAE5095F662C3357C"
10-22 10:37:09.691 20647 16900 W SQLiteLog: (28) double-quoted string literal: "-1"
10-22 10:37:09.705 20647 20647 D BufferQueueConsumer: [](id:50a700000006,api:0,p:-1,c:20647) connect: controlledByApp=false
10-22 10:37:09.707 20647 16909 E OpenGLRenderer: Unable to match the desired swap behavior.
10-22 10:37:09.718 20647 16909 D BLASTBufferQueue: [VRI[MainActivity]#6](f:0,a:1) acquireNextBufferLocked size=1080x2436 mFrameNumber=1 applyTransaction=true mTimestamp=12469697577742(auto) mPendingTransactions.size=0 graphicBufferId=88678189760562 transform=0
10-22 10:37:09.742 20647 20647 D VRI[MainActivity]: hardware acceleration = true, forceHwAccelerated = false
10-22 10:37:09.759 20647 20647 D InputTransport: Create ARC handle: 0xd7f222d0
10-22 10:37:09.759 20647 20647 D InputEventReceiver: Input log is disabled in InputEventReceiver.
10-22 10:37:09.759 20647 20647 D InputTransport: Input log is disabled in InputChannel.
10-22 10:37:09.792 20647 20647 D BufferQueueConsumer: [](id:50a700000007,api:0,p:-1,c:20647) connect: controlledByApp=false
10-22 10:37:09.793 20647 20647 I config_debug: updateDecorCaptionStatus: {1.0 418mcc20mnc [ar_EG] ldrtl sw360dp w360dp h736dp 480dpi nrml long widecg port night finger -keyb/v/h -nav/h winConfig={ mBounds=Rect(0, 0 - 1080, 2436) mAppBounds=Rect(0, 108 - 1080, 2316) mMaxBounds=Rect(0, 0 - 1080, 2436) mDisplayRotation=ROTATION_0 mWindowingMode=fullscreen mDisplayWindowingMode=fullscreen mMultiWindowMode=normal mMultiWindowId=0 mWindowResiable=6 mInLargeScreen=-1 mActivityType=standard mAlwaysOnTop=undefined mRotation=ROTATION_0} s.1 fontWeightAdjustment=0} fromMultiWindow: true
10-22 10:37:09.794 20647 16909 E OpenGLRenderer: Unable to match the desired swap behavior.
10-22 10:37:09.807 20647 16909 D BLASTBufferQueue: [VRI[MainActivity]#7](f:0,a:1) acquireNextBufferLocked size=1080x661 mFrameNumber=1 applyTransaction=true mTimestamp=12469786301127(auto) mPendingTransactions.size=0 graphicBufferId=88678189760575 transform=0
10-22 10:37:09.843 20647 16909 E OpenGLRenderer: Unable to match the desired swap behavior.
10-22 10:37:09.856 20647 16909 D BLASTBufferQueue: [VRI[MainActivity]#7](f:0,a:2) producer disconnected before acquireNextBufferLocked
10-22 10:37:09.995 20647 16909 E OpenGLRenderer: Unable to match the desired swap behavior.
10-22 10:37:10.071 20647 16909 D BLASTBufferQueue: [VRI[MainActivity]#7](f:0,a:2) producer disconnected before acquireNextBufferLocked
10-22 10:37:11.074 20647 16935 D TranClassInfo: instance successfully. com.transsion.hubcore.view.TranSurfaceControlImpl@f514eb1 from com.transsion.hubcore.view.ITranSurfaceControl
10-22 10:37:11.078 20647 16935 D TranClassInfo: instance successfully. com.transsion.hubcore.widget.TranScrollPolicyImpl@97e9f96 from com.transsion.hubcore.widget.ITranScrollPolicy
10-22 10:37:11.078 20647 16935 D TranClassInfo: instance successfully. com.transsion.hubcore.spdopts.magellan.implement.TranScrollPolicyMagellanImpl@38dd717 from com.transsion.hubcore.magellan.ITranMagellanScrollPolicyComponent
10-22 10:37:11.398 20647 20647 D TranClassInfo: instance successfully. com.transsion.hubcore.spdopts.appturbo.implement.TranAppturboComponentImpl@7f222e9 from com.transsion.hubcore.appturbo.ITranAppturboComponent
10-22 10:37:11.398 20647 20647 D TranClassInfo: instance successfully. com.transsion.hubcore.spdopts.magellan.implement.TranMagellanComponentImpl@1f20b6e from com.transsion.hubcore.magellan.ITranMagellanComponent
10-22 10:37:11.400 20647 20647 D OverScroller: SplineOverScroller fling startFlingBoost mPowerHandle = [0]
10-22 10:37:11.400 20647 20647 I ScrollIdentify: on fling
10-22 10:37:11.849 20647 20647 D OverScroller: SplineOverScroller fling releaseFlingBoost mPowerHandle = [33122]
10-22 10:37:11.850 20647 20647 D OverScroller: SplineOverScroller fling releaseFlingBoost mPowerHandle = [33122]
10-22 10:37:12.302 20647 20647 D OverScroller: SplineOverScroller fling startFlingBoost mPowerHandle = [33122]
10-22 10:37:12.302 20647 20647 I ScrollIdentify: on fling
10-22 10:37:12.314 20647 20647 D OverScroller: SplineOverScroller fling releaseFlingBoost mPowerHandle = [33137]
10-22 10:37:12.314 20647 20647 D OverScroller: SplineOverScroller fling releaseFlingBoost mPowerHandle = [33137]
10-22 10:37:12.898 20647 20647 D OverScroller: SplineOverScroller fling releaseFlingBoost mPowerHandle = [33137]
10-22 10:37:13.103 20647 20647 D OverScroller: SplineOverScroller fling startFlingBoost mPowerHandle = [33137]
10-22 10:37:13.104 20647 20647 I ScrollIdentify: on fling
10-22 10:37:13.292 20647 20647 D OverScroller: SplineOverScroller fling releaseFlingBoost mPowerHandle = [33152]
10-22 10:37:13.292 20647 20647 D OverScroller: SplineOverScroller fling releaseFlingBoost mPowerHandle = [33152]
10-22 10:37:14.014 20647 16909 E OpenGLRenderer: Unable to match the desired swap behavior.
10-22 10:37:14.043 20647 16909 D BLASTBufferQueue: [VRI[MainActivity]#7](f:0,a:2) producer disconnected before acquireNextBufferLocked
10-22 10:37:22.814 20647 16900 W SQLiteLog: (28) double-quoted string literal: "
10-22 10:37:22.814 20647 16900 W SQLiteLog: (28) double-quoted string literal: "CC3FD94CEE17539EAE5095F662C3357C"
10-22 10:37:22.863 20647 20647 D BLASTBufferQueue: [VRI[MainActivity]#7](f:0,a:1) destructor()
10-22 10:37:22.863 20647 20647 D BufferQueueConsumer: [VRI[MainActivity]#7(BLAST Consumer)7](id:50a700000007,api:0,p:-1,c:20647) disconnect
10-22 10:37:22.914 20647 20647 D BLASTBufferQueue: [VRI[MainActivity]#6](f:0,a:1) destructor()
10-22 10:37:22.914 20647 20647 D BufferQueueConsumer: [VRI[MainActivity]#6(BLAST Consumer)6](id:50a700000006,api:0,p:-1,c:20647) disconnect
10-22 10:37:22.961 20647 20647 D BLASTBufferQueue: [VRI[MainActivity]#5](f:0,a:1) destructor()
10-22 10:37:22.961 20647 20647 D BufferQueueConsumer: [VRI[MainActivity]#5(BLAST Consumer)5](id:50a700000005,api:0,p:-1,c:20647) disconnect
10-22 10:37:43.345 20647 20647 D BufferQueueConsumer: [](id:50a700000008,api:0,p:-1,c:20647) connect: controlledByApp=false
10-22 10:37:43.349 20647 16909 E OpenGLRenderer: Unable to match the desired swap behavior.
10-22 10:37:43.369 20647 16909 D BLASTBufferQueue: [VRI[MainActivity]#8](f:0,a:1) acquireNextBufferLocked size=1080x824 mFrameNumber=1 applyTransaction=true mTimestamp=12503347729513(auto) mPendingTransactions.size=0 graphicBufferId=88678189760595 transform=0
10-22 10:37:43.382 20647 20647 D TranActivityAppturboImpl: onResumeHork
10-22 10:37:43.413 20647 16900 W SQLiteLog: (28) double-quoted string literal: "CC3FD94CEE17539EAE5095F662C3357C"
10-22 10:37:43.413 20647 16900 W SQLiteLog: (28) double-quoted string literal: ""
10-22 10:37:43.413 20647 16900 W SQLiteLog: (28) double-quoted string literal: "CC3FD94CEE17539EAE5095F662C3357C"
10-22 10:37:43.413 20647 16900 W SQLiteLog: (28) double-quoted string literal: "-1"
10-22 10:37:43.417 20647 20647 D BufferQueueConsumer: [](id:50a700000009,api:0,p:-1,c:20647) connect: controlledByApp=false
10-22 10:37:43.421 20647 16909 E OpenGLRenderer: Unable to match the desired swap behavior.
10-22 10:37:43.431 20647 16909 D BLASTBufferQueue: [VRI[MainActivity]#9](f:0,a:1) acquireNextBufferLocked size=1080x1186 mFrameNumber=1 applyTransaction=true mTimestamp=12503410272282(auto) mPendingTransactions.size=0 graphicBufferId=88678189760601 transform=0
10-22 10:37:43.462 20647 20647 D BufferQueueConsumer: [](id:50a70000000a,api:0,p:-1,c:20647) connect: controlledByApp=false
10-22 10:37:43.465 20647 16909 E OpenGLRenderer: Unable to match the desired swap behavior.
10-22 10:37:43.488 20647 16909 D BLASTBufferQueue: [VRI[MainActivity]#10](f:0,a:1) acquireNextBufferLocked size=1080x2436 mFrameNumber=1 applyTransaction=true mTimestamp=12503467102667(auto) mPendingTransactions.size=0 graphicBufferId=88678189760609 transform=0
10-22 10:37:49.401 20647 16900 W SQLiteLog: (28) double-quoted string literal: "
10-22 10:37:49.401 20647 16900 W SQLiteLog: (28) double-quoted string literal: "CC3FD94CEE17539EAE5095F662C3357C"
10-22 10:37:49.455 20647 16853 I jun.blackdexa32: Background concurrent mark compact GC freed 3923KB AllocSpace bytes, 16(704KB) LOS objects, 49% free, 4244KB/8489KB, paused 9.754ms,4.382ms total 60.300ms
10-22 10:37:49.859 20647 20647 D BLASTBufferQueue: [VRI[MainActivity]#9](f:0,a:1) destructor()
10-22 10:37:49.859 20647 20647 D BufferQueueConsumer: [VRI[MainActivity]#9(BLAST Consumer)9](id:50a700000009,api:0,p:-1,c:20647) disconnect
10-22 10:37:49.876 20647 20647 D BLASTBufferQueue: [VRI[MainActivity]#8](f:0,a:1) destructor()
10-22 10:37:49.876 20647 20647 D BufferQueueConsumer: [VRI[MainActivity]#8(BLAST Consumer)8](id:50a700000008,api:0,p:-1,c:20647) disconnect
10-22 10:37:49.892 20647 20647 D BLASTBufferQueue: [VRI[MainActivity]#10](f:0,a:1) destructor()
10-22 10:37:49.893 20647 20647 D BufferQueueConsumer: [VRI[MainActivity]#10(BLAST Consumer)10](id:50a70000000a,api:0,p:-1,c:20647) disconnect
10-22 10:38:09.840 20647 20647 D BufferQueueConsumer: [](id:50a70000000b,api:0,p:-1,c:20647) connect: controlledByApp=false
10-22 10:38:09.841 20647 16909 E OpenGLRenderer: Unable to match the desired swap behavior.
10-22 10:38:09.851 20647 16909 D BLASTBufferQueue: [VRI[MainActivity]#11](f:0,a:1) acquireNextBufferLocked size=1080x824 mFrameNumber=1 applyTransaction=true mTimestamp=12529830279284(auto) mPendingTransactions.size=0 graphicBufferId=88678189760617 transform=0
10-22 10:38:09.856 20647 20647 D TranActivityAppturboImpl: onResumeHork
10-22 10:38:09.874 20647 16900 W SQLiteLog: (28) double-quoted string literal: "CC3FD94CEE17539EAE5095F662C3357C"
10-22 10:38:09.874 20647 16900 W SQLiteLog: (28) double-quoted string literal: ""
10-22 10:38:09.874 20647 16900 W SQLiteLog: (28) double-quoted string literal: "CC3FD94CEE17539EAE5095F662C3357C"
10-22 10:38:09.874 20647 16900 W SQLiteLog: (28) double-quoted string literal: "-1"
10-22 10:38:09.885 20647 20647 D BufferQueueConsumer: [](id:50a70000000c,api:0,p:-1,c:20647) connect: controlledByApp=false
10-22 10:38:09.886 20647 16909 E OpenGLRenderer: Unable to match the desired swap behavior.
10-22 10:38:09.892 20647 16909 D BLASTBufferQueue: [VRI[MainActivity]#12](f:0,a:1) acquireNextBufferLocked size=1080x1186 mFrameNumber=1 applyTransaction=true mTimestamp=12529871150746(auto) mPendingTransactions.size=0 graphicBufferId=88678189760625 transform=0
10-22 10:38:09.916 20647 20647 D BufferQueueConsumer: [](id:50a70000000d,api:0,p:-1,c:20647) connect: controlledByApp=false
10-22 10:38:09.918 20647 16909 E OpenGLRenderer: Unable to match the desired swap behavior.
10-22 10:38:09.932 20647 16909 D BLASTBufferQueue: [VRI[MainActivity]#13](f:0,a:1) acquireNextBufferLocked size=1080x2436 mFrameNumber=1 applyTransaction=true mTimestamp=12529910879669(auto) mPendingTransactions.size=0 graphicBufferId=88678189760635 transform=0
10-22 10:38:11.902 20647 16909 E OpenGLRenderer: Unable to match the desired swap behavior.
10-22 10:38:11.942 20647 16909 D BLASTBufferQueue: [VRI[MainActivity]#12](f:0,a:2) producer disconnected before acquireNextBufferLocked
10-22 10:38:12.959 20647 20647 I ImeTracker: top.niunaijun.blackdexa32:f5d51cf2: onRequestHide at ORIGIN_CLIENT_HIDE_SOFT_INPUT reason HIDE_SOFT_INPUT
10-22 10:38:12.961 20647 20647 W WindowOnBackDispatcher: sendCancelIfRunning: isInProgress=falsecallback=android.view.ViewRootImpl$$ExternalSyntheticLambda19@d51ddac
10-22 10:38:12.962 20647 20647 D OverScroller: SplineOverScroller fling releaseFlingBoost mPowerHandle = [33152]
10-22 10:38:12.964 20647 20647 D View    : [Warning] assignParent to null: this = DecorView@b833b62[MainActivity]
10-22 10:38:12.966 20647 20647 D BLASTBufferQueue: [VRI[MainActivity]#12](f:0,a:1) destructor()
10-22 10:38:12.966 20647 20647 D BufferQueueConsumer: [VRI[MainActivity]#12(BLAST Consumer)12](id:50a70000000c,api:0,p:-1,c:20647) disconnect
10-22 10:38:12.983 20647 20647 D InputTransport: Destroy ARC handle: 0xd7f222d0
10-22 10:38:12.985 20647 20647 W InputEventReceiver: Attempted to finish an input event but the input event receiver has already been disposed.
10-22 10:38:13.791 20647 20647 I ImeTracker: top.niunaijun.blackdexa32:86124ced: onRequestHide at ORIGIN_CLIENT_HIDE_SOFT_INPUT reason HIDE_SOFT_INPUT
10-22 10:38:13.792 20647 20647 W WindowOnBackDispatcher: sendCancelIfRunning: isInProgress=falsecallback=android.view.ViewRootImpl$$ExternalSyntheticLambda19@48250d8
10-22 10:38:13.794 20647 20647 D View    : [Warning] assignParent to null: this = DecorView@9431c29[MainActivity]
10-22 10:38:13.795 20647 20647 D BLASTBufferQueue: [VRI[MainActivity]#11](f:0,a:1) destructor()
10-22 10:38:13.795 20647 20647 D BufferQueueConsumer: [VRI[MainActivity]#11(BLAST Consumer)11](id:50a70000000b,api:0,p:-1,c:20647) disconnect
10-22 10:38:13.807 20647 20647 D InputTransport: Destroy ARC handle: 0xd7f2d9b0
10-22 10:38:13.808 20647 20647 W InputEventReceiver: Attempted to finish an input event but the input event receiver has already been disposed.
10-22 10:38:14.794 20647 20647 D VRI[MainActivity]: hardware acceleration = true, forceHwAccelerated = false
10-22 10:38:14.807 20647 20647 D InputTransport: Create ARC handle: 0xd7f1a910
10-22 10:38:14.807 20647 20647 D InputEventReceiver: Input log is disabled in InputEventReceiver.
10-22 10:38:14.807 20647 20647 D InputTransport: Input log is disabled in InputChannel.
10-22 10:38:14.824 20647 20647 D BufferQueueConsumer: [](id:50a70000000e,api:0,p:-1,c:20647) connect: controlledByApp=false
10-22 10:38:14.825 20647 20647 I config_debug: updateDecorCaptionStatus: {1.0 418mcc20mnc [ar_EG] ldrtl sw360dp w360dp h736dp 480dpi nrml long widecg port night finger -keyb/v/h -nav/h winConfig={ mBounds=Rect(0, 0 - 1080, 2436) mAppBounds=Rect(0, 108 - 1080, 2316) mMaxBounds=Rect(0, 0 - 1080, 2436) mDisplayRotation=ROTATION_0 mWindowingMode=fullscreen mDisplayWindowingMode=fullscreen mMultiWindowMode=normal mMultiWindowId=0 mWindowResiable=6 mInLargeScreen=-1 mActivityType=standard mAlwaysOnTop=undefined mRotation=ROTATION_0} s.1 fontWeightAdjustment=0} fromMultiWindow: true
10-22 10:38:14.825 20647 16909 E OpenGLRenderer: Unable to match the desired swap behavior.
10-22 10:38:14.836 20647 16909 D BLASTBufferQueue: [VRI[MainActivity]#14](f:0,a:1) acquireNextBufferLocked size=1080x661 mFrameNumber=1 applyTransaction=true mTimestamp=12534815815900(auto) mPendingTransactions.size=0 graphicBufferId=88678189760656 transform=0
10-22 10:38:14.868 20647 16909 E OpenGLRenderer: Unable to match the desired swap behavior.
10-22 10:38:14.877 20647 16909 D BLASTBufferQueue: [VRI[MainActivity]#14](f:0,a:2) producer disconnected before acquireNextBufferLocked
10-22 10:38:14.990 20647 16909 E OpenGLRenderer: Unable to match the desired swap behavior.
10-22 10:38:15.033 20647 16909 D BLASTBufferQueue: [VRI[MainActivity]#14](f:0,a:2) producer disconnected before acquireNextBufferLocked
10-22 10:38:17.440 20647 16909 E OpenGLRenderer: Unable to match the desired swap behavior.
10-22 10:38:17.498 20647 16909 D BLASTBufferQueue: [VRI[MainActivity]#14](f:0,a:2) producer disconnected before acquireNextBufferLocked
10-22 10:38:24.223 20647 20647 I ImeTracker: top.niunaijun.blackdexa32:bd6930c7: onRequestHide at ORIGIN_CLIENT_HIDE_SOFT_INPUT reason HIDE_SOFT_INPUT
10-22 10:38:24.224 20647 20647 W WindowOnBackDispatcher: sendCancelIfRunning: isInProgress=falsecallback=android.view.ViewRootImpl$$ExternalSyntheticLambda19@ab6d1e8
10-22 10:38:24.226 20647 20647 D View    : [Warning] assignParent to null: this = DecorView@38df823[MainActivity]
10-22 10:38:24.227 20647 20647 D BLASTBufferQueue: [VRI[MainActivity]#14](f:0,a:1) destructor()
10-22 10:38:24.227 20647 20647 D BufferQueueConsumer: [VRI[MainActivity]#14(BLAST Consumer)14](id:50a70000000e,api:0,p:-1,c:20647) disconnect
10-22 10:38:24.247 20647 20647 D InputTransport: Destroy ARC handle: 0xd7f1a910
10-22 10:38:24.248 20647 20647 W InputEventReceiver: Attempted to finish an input event but the input event receiver has already been disposed.
10-22 10:38:25.538 20647 20647 D VRI[MainActivity]: hardware acceleration = true, forceHwAccelerated = false
10-22 10:38:25.552 20647 20647 D InputTransport: Create ARC handle: 0xd7f12fd0
10-22 10:38:25.552 20647 20647 D InputEventReceiver: Input log is disabled in InputEventReceiver.
10-22 10:38:25.552 20647 20647 D InputTransport: Input log is disabled in InputChannel.
10-22 10:38:25.573 20647 20647 D BufferQueueConsumer: [](id:50a70000000f,api:0,p:-1,c:20647) connect: controlledByApp=false
10-22 10:38:25.574 20647 20647 I config_debug: updateDecorCaptionStatus: {1.0 418mcc20mnc [ar_EG] ldrtl sw360dp w360dp h736dp 480dpi nrml long widecg port night finger -keyb/v/h -nav/h winConfig={ mBounds=Rect(0, 0 - 1080, 2436) mAppBounds=Rect(0, 108 - 1080, 2316) mMaxBounds=Rect(0, 0 - 1080, 2436) mDisplayRotation=ROTATION_0 mWindowingMode=fullscreen mDisplayWindowingMode=fullscreen mMultiWindowMode=normal mMultiWindowId=0 mWindowResiable=6 mInLargeScreen=-1 mActivityType=standard mAlwaysOnTop=undefined mRotation=ROTATION_0} s.1 fontWeightAdjustment=0} fromMultiWindow: true
10-22 10:38:25.575 20647 16909 E OpenGLRenderer: Unable to match the desired swap behavior.
10-22 10:38:25.588 20647 16909 D BLASTBufferQueue: [VRI[MainActivity]#15](f:0,a:1) acquireNextBufferLocked size=1080x874 mFrameNumber=1 applyTransaction=true mTimestamp=12545567798977(auto) mPendingTransactions.size=0 graphicBufferId=88678189760680 transform=0
10-22 10:38:25.701 20647 16909 E OpenGLRenderer: Unable to match the desired swap behavior.
10-22 10:38:25.750 20647 16909 D BLASTBufferQueue: [VRI[MainActivity]#15](f:0,a:2) producer disconnected before acquireNextBufferLocked
10-22 10:38:29.557 20647 16909 E OpenGLRenderer: Unable to match the desired swap behavior.
10-22 10:38:29.593 20647 16909 D BLASTBufferQueue: [VRI[MainActivity]#15](f:0,a:2) producer disconnected before acquireNextBufferLocked
10-22 10:38:36.007 20647 16900 W SQLiteLog: (28) double-quoted string literal: "
10-22 10:38:36.007 20647 16900 W SQLiteLog: (28) double-quoted string literal: "CC3FD94CEE17539EAE5095F662C3357C"
10-22 10:38:36.523 20647 20647 D BLASTBufferQueue: [VRI[MainActivity]#13](f:0,a:1) destructor()
10-22 10:38:36.523 20647 20647 D BufferQueueConsumer: [VRI[MainActivity]#13(BLAST Consumer)13](id:50a70000000d,api:0,p:-1,c:20647) disconnect
10-22 10:38:36.538 20647 16909 D BLASTBufferQueue: [VRI[MainActivity]#15](f:0,a:1) destructor()
10-22 10:38:36.538 20647 16909 D BufferQueueConsumer: [VRI[MainActivity]#15(BLAST Consumer)15](id:50a70000000f,api:0,p:-1,c:20647) disconnect
10-22 10:38:45.687 20647 20647 D BufferQueueConsumer: [](id:50a700000010,api:0,p:-1,c:20647) connect: controlledByApp=false
10-22 10:38:45.689 20647 16909 E OpenGLRenderer: Unable to match the desired swap behavior.
10-22 10:38:45.702 20647 16909 D BLASTBufferQueue: [VRI[MainActivity]#16](f:0,a:1) acquireNextBufferLocked size=1080x1186 mFrameNumber=1 applyTransaction=true mTimestamp=12565680795901(auto) mPendingTransactions.size=0 graphicBufferId=88678189760697 transform=0
10-22 10:38:45.710 20647 20647 D TranActivityAppturboImpl: onResumeHork
10-22 10:38:45.723 20647 16900 W SQLiteLog: (28) double-quoted string literal: "CC3FD94CEE17539EAE5095F662C3357C"
10-22 10:38:45.723 20647 16900 W SQLiteLog: (28) double-quoted string literal: ""
10-22 10:38:45.723 20647 16900 W SQLiteLog: (28) double-quoted string literal: "CC3FD94CEE17539EAE5095F662C3357C"
10-22 10:38:45.723 20647 16900 W SQLiteLog: (28) double-quoted string literal: "-1"
10-22 10:38:45.742 20647 20647 D BufferQueueConsumer: [](id:50a700000011,api:0,p:-1,c:20647) connect: controlledByApp=false
10-22 10:38:45.743 20647 16909 E OpenGLRenderer: Unable to match the desired swap behavior.
10-22 10:38:45.760 20647 16909 D BLASTBufferQueue: [VRI[MainActivity]#17](f:0,a:1) acquireNextBufferLocked size=1080x2436 mFrameNumber=1 applyTransaction=true mTimestamp=12565739018671(auto) mPendingTransactions.size=0 graphicBufferId=88678189760706 transform=0
10-22 10:38:49.883 20647 16909 E OpenGLRenderer: Unable to match the desired swap behavior.
10-22 10:38:49.927 20647 16909 D BLASTBufferQueue: [VRI[MainActivity]#16](f:0,a:2) producer disconnected before acquireNextBufferLocked
10-22 10:38:50.503 20647 20647 I ImeTracker: top.niunaijun.blackdexa32:a7b31b82: onRequestHide at ORIGIN_CLIENT_HIDE_SOFT_INPUT reason HIDE_SOFT_INPUT
10-22 10:38:50.505 20647 20647 W WindowOnBackDispatcher: sendCancelIfRunning: isInProgress=falsecallback=android.view.ViewRootImpl$$ExternalSyntheticLambda19@cf33662
10-22 10:38:50.507 20647 20647 D View    : [Warning] assignParent to null: this = DecorView@6bd489f[MainActivity]
10-22 10:38:50.508 20647 20647 D BLASTBufferQueue: [VRI[MainActivity]#16](f:0,a:1) destructor()
10-22 10:38:50.508 20647 20647 D BufferQueueConsumer: [VRI[MainActivity]#16(BLAST Consumer)16](id:50a700000010,api:0,p:-1,c:20647) disconnect
10-22 10:38:50.526 20647 20647 D InputTransport: Destroy ARC handle: 0xd7f12fd0
10-22 10:38:50.527 20647 20647 W InputEventReceiver: Attempted to finish an input event but the input event receiver has already been disposed.
10-22 10:38:53.910 20647 20647 D OverScroller: SplineOverScroller fling startFlingBoost mPowerHandle = [0]
10-22 10:38:53.911 20647 20647 I ScrollIdentify: on fling
10-22 10:38:54.428 20647 20647 D VRI[MainActivity]: hardware acceleration = true, forceHwAccelerated = false
10-22 10:38:54.443 20647 20647 D InputTransport: Create ARC handle: 0xd7f23530
10-22 10:38:54.443 20647 20647 D InputEventReceiver: Input log is disabled in InputEventReceiver.
10-22 10:38:54.443 20647 20647 D InputTransport: Input log is disabled in InputChannel.
10-22 10:38:54.464 20647 20647 D BufferQueueConsumer: [](id:50a700000012,api:0,p:-1,c:20647) connect: controlledByApp=false
10-22 10:38:54.466 20647 20647 I config_debug: updateDecorCaptionStatus: {1.0 418mcc20mnc [ar_EG] ldrtl sw360dp w360dp h736dp 480dpi nrml long widecg port night finger -keyb/v/h -nav/h winConfig={ mBounds=Rect(0, 0 - 1080, 2436) mAppBounds=Rect(0, 108 - 1080, 2316) mMaxBounds=Rect(0, 0 - 1080, 2436) mDisplayRotation=ROTATION_0 mWindowingMode=fullscreen mDisplayWindowingMode=fullscreen mMultiWindowMode=normal mMultiWindowId=0 mWindowResiable=6 mInLargeScreen=-1 mActivityType=standard mAlwaysOnTop=undefined mRotation=ROTATION_0} s.1 fontWeightAdjustment=0} fromMultiWindow: true
10-22 10:38:54.469 20647 16909 E OpenGLRenderer: Unable to match the desired swap behavior.
10-22 10:38:54.479 20647 16909 D BLASTBufferQueue: [VRI[MainActivity]#18](f:0,a:1) acquireNextBufferLocked size=1080x661 mFrameNumber=1 applyTransaction=true mTimestamp=12574459028210(auto) mPendingTransactions.size=0 graphicBufferId=88678189760727 transform=0
10-22 10:38:54.506 20647 16909 E OpenGLRenderer: Unable to match the desired swap behavior.
10-22 10:38:54.517 20647 16909 D BLASTBufferQueue: [VRI[MainActivity]#18](f:0,a:2) producer disconnected before acquireNextBufferLocked
10-22 10:38:54.624 20647 16909 E OpenGLRenderer: Unable to match the desired swap behavior.
10-22 10:38:54.669 20647 16909 D BLASTBufferQueue: [VRI[MainActivity]#18](f:0,a:2) producer disconnected before acquireNextBufferLocked
10-22 10:38:54.812 20647 20647 D OverScroller: SplineOverScroller fling releaseFlingBoost mPowerHandle = [33552]
10-22 10:38:54.812 20647 20647 D OverScroller: SplineOverScroller fling releaseFlingBoost mPowerHandle = [33552]
10-22 10:38:55.783 20647 20647 I ScrollIdentify: on fling
10-22 10:38:56.736 20647 16909 E OpenGLRenderer: Unable to match the desired swap behavior.
10-22 10:38:56.787 20647 16909 D BLASTBufferQueue: [VRI[MainActivity]#18](f:0,a:2) producer disconnected before acquireNextBufferLocked
10-22 10:38:59.891 20647 16909 E OpenGLRenderer: Unable to match the desired swap behavior.
10-22 10:38:59.933 20647 16909 D BLASTBufferQueue: [VRI[MainActivity]#18](f:0,a:2) producer disconnected before acquireNextBufferLocked
10-22 10:39:01.521 20647 16909 E OpenGLRenderer: Unable to match the desired swap behavior.
10-22 10:39:01.629 20647 16909 D BLASTBufferQueue: [VRI[MainActivity]#18](f:0,a:2) producer disconnected before acquireNextBufferLocked
10-22 10:39:03.265 20647 16909 E OpenGLRenderer: Unable to match the desired swap behavior.
10-22 10:39:03.398 20647 20647 I Choreographer: Skipped 48 frames!  The application may be doing too much work on its main thread.
10-22 10:39:03.399 20647 20647 D TranClassInfo: instance successfully. com.transsion.hubcore.view.TranChoreographerImpl@3ffcebb from com.transsion.hubcore.view.ITranChoreographer
10-22 10:39:03.399 20647 20647 E TranChoreographerImpl: skippedFrames: 48
10-22 10:39:03.415 20647 16909 D BLASTBufferQueue: [VRI[MainActivity]#18](f:0,a:2) producer disconnected before acquireNextBufferLocked
10-22 10:39:04.625 20647 20647 D OverScroller: SplineOverScroller fling startFlingBoost mPowerHandle = [0]
10-22 10:39:04.626 20647 20647 I ScrollIdentify: on fling
10-22 10:39:04.632 20647 20647 D OverScroller: SplineOverScroller fling releaseFlingBoost mPowerHandle = [33600]
10-22 10:39:04.632 20647 20647 D OverScroller: SplineOverScroller fling releaseFlingBoost mPowerHandle = [33600]
10-22 10:39:14.231 20647 20647 I Choreographer: Skipped 44 frames!  The application may be doing too much work on its main thread.
10-22 10:39:14.231 20647 20647 E TranChoreographerImpl: skippedFrames: 44
10-22 10:39:15.742 20647 16909 E OpenGLRenderer: Unable to match the desired swap behavior.
10-22 10:39:15.845 20647 16909 D BLASTBufferQueue: [VRI[MainActivity]#18](f:0,a:2) producer disconnected before acquireNextBufferLocked
10-22 10:39:18.090 20647 20647 I ImeTracker: top.niunaijun.blackdexa32:f696bb9f: onRequestHide at ORIGIN_CLIENT_HIDE_SOFT_INPUT reason HIDE_SOFT_INPUT
10-22 10:39:18.092 20647 20647 W WindowOnBackDispatcher: sendCancelIfRunning: isInProgress=falsecallback=android.view.ViewRootImpl$$ExternalSyntheticLambda19@74a06d3
10-22 10:39:18.093 20647 20647 D OverScroller: SplineOverScroller fling releaseFlingBoost mPowerHandle = [33600]
10-22 10:39:18.094 20647 20647 D View    : [Warning] assignParent to null: this = DecorView@61e325a[MainActivity]
10-22 10:39:18.094 20647 20647 D BLASTBufferQueue: [VRI[MainActivity]#18](f:0,a:1) destructor()
10-22 10:39:18.094 20647 20647 D BufferQueueConsumer: [VRI[MainActivity]#18(BLAST Consumer)18](id:50a700000012,api:0,p:-1,c:20647) disconnect
10-22 10:39:18.115 20647 20647 W InputEventReceiver: Attempted to finish an input event but the input event receiver has already been disposed.
10-22 10:39:18.116 20647 20647 D InputTransport: Destroy ARC handle: 0xd7f23530
10-22 10:39:19.545 20647 16900 W SQLiteLog: (28) double-quoted string literal: "
10-22 10:39:19.545 20647 16900 W SQLiteLog: (28) double-quoted string literal: "CC3FD94CEE17539EAE5095F662C3357C"
10-22 10:39:19.592 20647 20647 D BLASTBufferQueue: [VRI[MainActivity]#17](f:0,a:1) destructor()
10-22 10:39:19.592 20647 20647 D BufferQueueConsumer: [VRI[MainActivity]#17(BLAST Consumer)17](id:50a700000011,api:0,p:-1,c:20647) disconnect
