--------- beginning of main
10-22 10:36:13.844 20647 20647 D CompatibilityChangeReporter: Compat change id reported: 183155436; UID 10259; state: DISABLED
10-22 10:36:13.849 20647 16872 W AsyncDrawableCache: can not found res: 2131231252, maybe dynamic res id.
10-22 10:36:13.849 20647 16872 W AsyncDrawableCache: can not found res: 2131820569, maybe dynamic res id.
10-22 10:36:13.880 16875 16875 I ackdexa32:black: Using CollectorTypeCMC GC.
10-22 10:36:13.884 16875 16875 E ackdexa32:black: Not starting debugger since process cannot load the jdwp agent.
10-22 10:36:13.889 16875 16875 D nativeloader: Load libframework-connectivity-tiramisu-jni.so using APEX ns com_android_tethering for caller /apex/com.android.tethering/javalib/framework-connectivity-t.jar: ok
10-22 10:36:13.901 16875 16875 D CompatibilityChangeReporter: Compat change id reported: 171979766; UID 10259; state: DISABLED
10-22 10:36:13.901 16875 16875 D CompatibilityChangeReporter: Compat change id reported: 242716250; UID 10259; state: DISABLED
--------- beginning of system
10-22 10:36:13.904 16875 16875 D TranClassInfo: instance successfully. com.transsion.hubcore.graphics.TranGraphicImpl@bb9d6e2 from com.transsion.hubcore.graphics.ITranGraphic
10-22 10:36:13.904 16875 16875 D os.SingleLiceFactory: instance successfully. com.transsion.typeface.v1.TypefaceLice@e73d846 from android.graphics.IGraphicLice
10-22 10:36:13.905 16875 16875 D os.LiceInfo: instance successfully. com.transsion.graphics.GraphicLice@2658a73 from android.graphics.IGraphicLice
10-22 10:36:13.914 16875 16875 D nativeloader: Configuring clns-4 for other apk /data/app/~~XAmx4UcfcEbHdhEczOGPVQ==/top.niunaijun.blackdexa32-r9ARsHTw1_uVFyz9siHw2A==/base.apk. target_sdk_version=30, uses_libraries=, library_path=/data/app/~~XAmx4UcfcEbHdhEczOGPVQ==/top.niunaijun.blackdexa32-r9ARsHTw1_uVFyz9siHw2A==/lib/arm:/data/app/~~XAmx4UcfcEbHdhEczOGPVQ==/top.niunaijun.blackdexa32-r9ARsHTw1_uVFyz9siHw2A==/base.apk!/lib/armeabi-v7a, permitted_path=/data:/mnt/expand:/data/user/0/top.niunaijun.blackdexa32
10-22 10:36:13.914 16875 16875 D nativeloader: Extending system_exposed_libraries: libapuwareapusys.mtk.so:libapuwareapusys_v2.mtk.so:libapuwarexrp.mtk.so:libapuwarexrp_v2.mtk.so:libapuwareutils.mtk.so:libapuwareutils_v2.mtk.so:libapuwarehmp.mtk.so:libmcv_runtime_usdk.mtk.so:libneuron_graph_delegate.mtk.so:libneuronusdk_adapter.mtk.so:libtflite_mtk.mtk.so:libarmnn_ndk.mtk.so:libcmdl_ndk.mtk.so:libnir_neon_driver_ndk.mtk.so:libmvpu_runtime.mtk.so:libmvpu_runtime_pub.mtk.so:libmvpu_engine_pub.mtk.so:libmvpu_pattern_pub.mtk.so:libmvpuop_mtk_cv.mtk.so:libmvpuop_mtk_nn.mtk.so:libmvpu_runtime_25.mtk.so:libmvpu_runtime_25_pub.mtk.so:libmvpu_engine_25_pub.mtk.so:libmvpu_pattern_25_pub.mtk.so:libmvpuop25_mtk_cv.mtk.so:libmvpuop25_mtk_nn.mtk.so:libmvpu_config.mtk.so:libteeservice_client.trustonic.so
10-22 10:36:13.924 16875 16875 D nativeloader: Load libframework-connectivity-jni.so using APEX ns com_android_tethering for caller /apex/com.android.tethering/javalib/framework-connectivity.jar: ok
10-22 10:36:13.926 16875 16875 V GraphicsEnvironment: Currently set values for:
10-22 10:36:13.926 16875 16875 V GraphicsEnvironment:   angle_gl_driver_selection_pkgs=[]
10-22 10:36:13.926 16875 16875 V GraphicsEnvironment:   angle_gl_driver_selection_values=[]
10-22 10:36:13.927 16875 16875 V GraphicsEnvironment: ANGLE GameManagerService for top.niunaijun.blackdexa32: false
10-22 10:36:13.927 16875 16875 V GraphicsEnvironment: top.niunaijun.blackdexa32 is not listed in per-application setting
10-22 10:36:13.927 16875 16875 V GraphicsEnvironment: Neither updatable production driver nor prerelease driver is supported.
10-22 10:36:13.931 16875 16875 I LoadedApk: No resource references to update in package com.transsion.theme.icon
10-22 10:36:13.942 16875 16875 W ackdexa32:black: Accessing hidden method Ldalvik/system/VMRuntime;->setHiddenApiExemptions([Ljava/lang/String;)V (blocked,core-platform-api, reflection, denied)
10-22 10:36:13.943 16875 16875 W BootstrapClass: reflect bootstrap failed:
10-22 10:36:13.943 16875 16875 W BootstrapClass: java.lang.reflect.InvocationTargetException
10-22 10:36:13.943 16875 16875 W BootstrapClass: 	at java.lang.reflect.Method.invoke(Native Method)
10-22 10:36:13.943 16875 16875 W BootstrapClass: 	at me.weishu.reflection.BootstrapClass.<clinit>(BootstrapClass.java:29)
10-22 10:36:13.943 16875 16875 W BootstrapClass: 	at me.weishu.reflection.Reflection.unseal(Reflection.java:34)
10-22 10:36:13.943 16875 16875 W BootstrapClass: 	at top.niunaijun.blackbox.BlackBoxCore.doAttachBaseContext(BlackBoxCore.java:82)
10-22 10:36:13.943 16875 16875 W BootstrapClass: 	at top.niunaijun.blackbox.BlackDexCore.doAttachBaseContext(BlackDexCore.java:35)
10-22 10:36:13.943 16875 16875 W BootstrapClass: 	at top.niunaijun.blackdex.app.BlackDexLoader.attachBaseContext(BlackDexLoader.kt:39)
10-22 10:36:13.943 16875 16875 W BootstrapClass: 	at top.niunaijun.blackdex.app.AppManager.doAttachBaseContext(AppManager.kt:13)
10-22 10:36:13.943 16875 16875 W BootstrapClass: 	at top.niunaijun.blackdex.app.App.attachBaseContext(App.kt:31)
10-22 10:36:13.943 16875 16875 W BootstrapClass: 	at android.app.Application.attach(Application.java:348)
10-22 10:36:13.943 16875 16875 W BootstrapClass: 	at android.app.Instrumentation.newApplication(Instrumentation.java:1287)
10-22 10:36:13.943 16875 16875 W BootstrapClass: 	at android.app.LoadedApk.makeApplicationInner(LoadedApk.java:1471)
10-22 10:36:13.943 16875 16875 W BootstrapClass: 	at android.app.LoadedApk.makeApplicationInner(LoadedApk.java:1404)
10-22 10:36:13.943 16875 16875 W BootstrapClass: 	at android.app.ActivityThread.handleBindApplication(ActivityThread.java:7150)
10-22 10:36:13.943 16875 16875 W BootstrapClass: 	at android.app.ActivityThread.-$$Nest$mhandleBindApplication(Unknown Source:0)
10-22 10:36:13.943 16875 16875 W BootstrapClass: 	at android.app.ActivityThread$H.handleMessage(ActivityThread.java:2314)
10-22 10:36:13.943 16875 16875 W BootstrapClass: 	at android.os.Handler.dispatchMessage(Handler.java:106)
10-22 10:36:13.943 16875 16875 W BootstrapClass: 	at android.os.Looper.loopOnce(Looper.java:243)
10-22 10:36:13.943 16875 16875 W BootstrapClass: 	at android.os.Looper.loop(Looper.java:338)
10-22 10:36:13.943 16875 16875 W BootstrapClass: 	at android.app.ActivityThread.main(ActivityThread.java:8399)
10-22 10:36:13.943 16875 16875 W BootstrapClass: 	at java.lang.reflect.Method.invoke(Native Method)
10-22 10:36:13.943 16875 16875 W BootstrapClass: 	at com.android.internal.os.RuntimeInit$MethodAndArgsCaller.run(RuntimeInit.java:589)
10-22 10:36:13.943 16875 16875 W BootstrapClass: 	at com.android.internal.os.ZygoteInit.main(ZygoteInit.java:1055)
10-22 10:36:13.943 16875 16875 W BootstrapClass: Caused by: java.lang.NoSuchMethodException: dalvik.system.VMRuntime.setHiddenApiExemptions [class [Ljava.lang.String;]
10-22 10:36:13.943 16875 16875 W BootstrapClass: 	at java.lang.Class.getMethod(Class.java:2950)
10-22 10:36:13.943 16875 16875 W BootstrapClass: 	at java.lang.Class.getDeclaredMethod(Class.java:2929)
10-22 10:36:13.943 16875 16875 W BootstrapClass: 	... 22 more
10-22 10:36:13.944 16875 16875 E ackdexa32:black: Attempt to load writable dex file: /data/user/0/top.niunaijun.blackdexa32/code_cache/1729582573944.dex
10-22 10:36:13.944 16875 16875 D CompatibilityChangeReporter: Compat change id reported: 218865702; UID 10259; state: DISABLED
10-22 10:36:13.944 16875 16875 W ackdexa32:black: Opening an oat file without a class loader. Are you using the deprecated DexFile APIs?
10-22 10:36:13.945 16875 16875 W ackdexa32:black: DexFile /data/user/0/top.niunaijun.blackdexa32/code_cache/1729582573944.dex is in boot class path but is not in a known location
10-22 10:36:13.976 16875 16875 D TranClassInfo: instance successfully. com.transsion.hubcore.util.TranAtomFileImpl@140c8bc from com.transsion.hubcore.util.ITranAtomFile
10-22 10:36:13.977 16875 16875 W System  : ClassLoader referenced unknown path: /system/framework/xmlprotect.jar
10-22 10:36:13.978 16875 16875 W TranClassInfo: instance failed. com.transsion.storage.xmlprotect.TranXmlProtectVerifyComponentImpl from com.transsion.hubcore.fileprotect.ITranXmlProtectVerifyComponent
10-22 10:36:13.978 16875 16875 W TranClassInfo: java.lang.ClassNotFoundException: com.transsion.storage.xmlprotect.TranXmlProtectVerifyComponentImpl
10-22 10:36:13.978 16875 16875 W TranClassInfo: 	at java.lang.Class.classForName(Native Method)
10-22 10:36:13.978 16875 16875 W TranClassInfo: 	at java.lang.Class.forName(Class.java:607)
10-22 10:36:13.978 16875 16875 W TranClassInfo: 	at com.transsion.hubcore.utils.TranClassInfo.getImpl(TranClassInfo.java:124)
10-22 10:36:13.978 16875 16875 W TranClassInfo: 	at com.transsion.hubcore.fileprotect.ITranXmlProtectVerifyComponent.Instance(ITranXmlProtectVerifyComponent.java:18)
10-22 10:36:13.978 16875 16875 W TranClassInfo: 	at com.transsion.hubcore.util.TranAtomFileImpl.verifyFileBeforeFinishWrite(TranAtomFileImpl.java:11)
10-22 10:36:13.978 16875 16875 W TranClassInfo: 	at android.util.AtomicFile.finishWrite(AtomicFile.java:193)
10-22 10:36:13.978 16875 16875 W TranClassInfo: 	at top.niunaijun.blackbox.core.system.pm.BPackageSettings.save(BPackageSettings.java:105)
10-22 10:36:13.978 16875 16875 W TranClassInfo: 	at top.niunaijun.blackbox.core.system.pm.Settings.updatePackageLP(Settings.java:182)
10-22 10:36:13.978 16875 16875 W TranClassInfo: 	at top.niunaijun.blackbox.core.system.pm.Settings.scanPackage(Settings.java:154)
10-22 10:36:13.978 16875 16875 W TranClassInfo: 	at top.niunaijun.blackbox.core.system.pm.BPackageManagerService.systemReady(BPackageManagerService.java:709)
10-22 10:36:13.978 16875 16875 W TranClassInfo: 	at top.niunaijun.blackbox.core.system.BlackBoxSystem.startup(BlackBoxSystem.java:51)
10-22 10:36:13.978 16875 16875 W TranClassInfo: 	at top.niunaijun.blackbox.core.system.SystemCallProvider.initSystem(SystemCallProvider.java:29)
10-22 10:36:13.978 16875 16875 W TranClassInfo: 	at top.niunaijun.blackbox.core.system.SystemCallProvider.onCreate(SystemCallProvider.java:25)
10-22 10:36:13.978 16875 16875 W TranClassInfo: 	at android.content.ContentProvider.attachInfo(ContentProvider.java:2630)
10-22 10:36:13.978 16875 16875 W TranClassInfo: 	at android.content.ContentProvider.attachInfo(ContentProvider.java:2600)
10-22 10:36:13.978 16875 16875 W TranClassInfo: 	at android.app.ActivityThread.installProvider(ActivityThread.java:7978)
10-22 10:36:13.978 16875 16875 W TranClassInfo: 	at android.app.ActivityThread.installContentProviders(ActivityThread.java:7481)
10-22 10:36:13.978 16875 16875 W TranClassInfo: 	at android.app.ActivityThread.handleBindApplication(ActivityThread.java:7174)
10-22 10:36:13.978 16875 16875 W TranClassInfo: 	at android.app.ActivityThread.-$$Nest$mhandleBindApplication(Unknown Source:0)
10-22 10:36:13.978 16875 16875 W TranClassInfo: 	at android.app.ActivityThread$H.handleMessage(ActivityThread.java:2314)
10-22 10:36:13.978 16875 16875 W TranClassInfo: 	at android.os.Handler.dispatchMessage(Handler.java:106)
10-22 10:36:13.978 16875 16875 W TranClassInfo: 	at android.os.Looper.loopOnce(Looper.java:243)
10-22 10:36:13.978 16875 16875 W TranClassInfo: 	at android.os.Looper.loop(Looper.java:338)
10-22 10:36:13.978 16875 16875 W TranClassInfo: 	at android.app.ActivityThread.main(ActivityThread.java:8399)
10-22 10:36:13.978 16875 16875 W TranClassInfo: 	at java.lang.reflect.Method.invoke(Native Method)
10-22 10:36:13.978 16875 16875 W TranClassInfo: 	at com.android.internal.os.RuntimeInit$MethodAndArgsCaller.run(RuntimeInit.java:589)
10-22 10:36:13.978 16875 16875 W TranClassInfo: 	at com.android.internal.os.ZygoteInit.main(ZygoteInit.java:1055)
10-22 10:36:13.978 16875 16875 W TranClassInfo: Caused by: java.lang.ClassNotFoundException: com.transsion.storage.xmlprotect.TranXmlProtectVerifyComponentImpl
10-22 10:36:13.978 16875 16875 W TranClassInfo: 	... 27 more
10-22 10:36:13.978 16875 16875 D TranClassInfo: using com.transsion.hubcore.fileprotect.ITranXmlProtectVerifyComponent$1@10824cb instead of [com.transsion.storage.xmlprotect.TranXmlProtectVerifyComponentImpl] from com.transsion.hubcore.fileprotect.ITranXmlProtectVerifyComponent
10-22 10:36:13.979 16875 16875 D Settings: loaded Package: bin.mt.plus
10-22 10:36:13.992 16875 16891 D BPackageInstallerService: uninstallPackageAsUser: RemoveAppExecutor exec: 0
10-22 10:36:13.993 16875 16891 D BPackageInstallerService: uninstallPackageAsUser: RemoveUserExecutor exec: 0
10-22 10:36:13.993 16875 16891 D BPackageManagerService: onPackageUninstalled: bin.mt.plus, userId: 0
10-22 10:36:14.010 16875 16904 D nativeloader: Load /data/app/~~XAmx4UcfcEbHdhEczOGPVQ==/top.niunaijun.blackdexa32-r9ARsHTw1_uVFyz9siHw2A==/lib/arm/libumeng-spy.so using ns clns-4 from class loader (caller=/data/app/~~XAmx4UcfcEbHdhEczOGPVQ==/top.niunaijun.blackdexa32-r9ARsHTw1_uVFyz9siHw2A==/base.apk): ok
10-22 10:36:14.014 20647 16914 D libMEOW : meow new tls: 0xe28dbc50
10-22 10:36:14.014 20647 16914 D libMEOW : meow reload base cfg path: na
10-22 10:36:14.015 20647 16914 D libMEOW : meow reload overlay cfg path: na
10-22 10:36:14.015 20647 16914 W QT      : qt_process_init() called
10-22 10:36:14.012 20647 20647 W RenderThread: type=1400 audit(0.0:15852): avc:  denied  { open } for  path="/data/system/mcd/qt.cfg" dev="dm-67" ino=52253 scontext=u:r:untrusted_app_30:s0:c3,c257,c512,c768 tcontext=u:object_r:system_data_file:s0 tclass=file permissive=0 app=top.niunaijun.blackdexa32
10-22 10:36:14.015 20647 16914 E QT      : [QT]file does not exist
10-22 10:36:14.015 20647 16914 W QT      : Support!!
10-22 10:36:14.017 20647 16911 D nativeloader: Load /data/app/~~XAmx4UcfcEbHdhEczOGPVQ==/top.niunaijun.blackdexa32-r9ARsHTw1_uVFyz9siHw2A==/lib/arm/libumeng-spy.so using ns clns-4 from class loader (caller=/data/app/~~XAmx4UcfcEbHdhEczOGPVQ==/top.niunaijun.blackdexa32-r9ARsHTw1_uVFyz9siHw2A==/base.apk): ok
10-22 10:36:14.028 20647 16914 I libMEOW_gift: open /data/performance/gift/arc.ini
10-22 10:36:14.024 20647 20647 W RenderThread: type=1400 audit(0.0:15853): avc:  denied  { open } for  path="/data/system/mcd/qt.cfg" dev="dm-67" ino=52253 scontext=u:r:untrusted_app_30:s0:c3,c257,c512,c768 tcontext=u:object_r:system_data_file:s0 tclass=file permissive=0 app=top.niunaijun.blackdexa32
10-22 10:36:14.028 20647 16914 E QT      : [QT]file does not exist
10-22 10:36:14.029 20647 16914 D libMEOW : applied 1 plugins for [top.niunaijun.blackdexa32]:
10-22 10:36:14.029 20647 16914 D libMEOW :   plugin 1: [libMEOW_gift.so]: 0xae50db70
10-22 10:36:14.030 20647 20647 D ActivityThread: ++ activityComponent:top.niunaijun.blackdexa32/top.niunaijun.blackdex.view.base.WelcomeActivity counts:1 ALEAK_CLEAR_SUPPORT:true
10-22 10:36:14.030 20647 16914 D libMEOW : rebuild call chain: 0xe28f7890
10-22 10:36:14.030 20647 16914 D libMEOW : meow delete tls: 0xe28dbc50
10-22 10:36:14.040 20647 20647 D TranClassInfo: instance successfully. com.transsion.hubcore.app.TranActivityImpl@6dd4f20 from com.transsion.hubcore.app.ITranActivity
10-22 10:36:14.040 20647 20647 I TranVersion: TranVersion static initializer: default = 34.2.1.1
10-22 10:36:14.040 20647 20647 I TranVersion:  debug = false, debug_version = 34.2.1.1
10-22 10:36:14.041 20647 20647 D TranClassInfo: instance successfully. com.transsion.hubcore.spdopts.magellan.implement.TranMagellanActivityComponentImpl@d16a0d9 from com.transsion.hubcore.magellan.ITranMagellanActivityComponent
10-22 10:36:14.080 20647 16911 D TrafficStats: tagSocket(112) with statsTag=0xffffffff, statsUid=-1
10-22 10:36:14.091 20647 16900 D TranClassInfo: instance successfully. com.transsion.hubcore.database.sqlite.TranSQLiteDatabaseImpl@b229414 from com.transsion.hubcore.database.sqlite.ITranSQLiteDatabase
10-22 10:36:14.091 20647 16900 D TranClassInfo: instance successfully. com.transsion.hubcore.spdopts.others.implement.TranSQLiteDatabaseComponentImpl@24f54bd from com.transsion.hubcore.spdcomponent.ITranSQLiteDatabaseComponent
10-22 10:36:14.094 20647 16900 I MobclickAgent: module init:azio
10-22 10:36:14.094 20647 16858 D ActivityThreadLice: received OSMessage 110001
10-22 10:36:14.096 20647 16858 D ActivityThreadLice: send OSMessage 110001 to [-1]
10-22 10:36:14.098 20647 16858 D OSServiceManager: update local os service os.activity from null to android.os.BinderProxy@b9edd80
10-22 10:36:14.098 20647 20647 D TranClassInfo: instance successfully. com.transsion.hubcore.view.TranViewImpl@b217fb9 from com.transsion.hubcore.view.ITranView
10-22 10:36:14.098 20647 20647 D TranClassInfo: instance successfully. com.transsion.hubcore.spdopts.appturbo.implement.TranViewAppturboImpl@443effe from com.transsion.hubcore.appturbo.ITranViewAppturboComponent
10-22 10:36:14.098 20647 20647 D TranClassInfo: instance successfully. com.transsion.hubcore.spdopts.appturbo.TranAppturboServiceImpl@80c35f from com.transsion.hubcore.spdopts.appturbo.ITranAppturboService
10-22 10:36:14.101 20647 20647 D os.SingleLice: instance successfully. com.transsion.dragdrop.v1.DragDropLice@e515e75 from com.transsion.dragdrop.DragDropLiceFactory
10-22 10:36:14.102 20647 20647 D os.SingleLiceFactory: instance successfully. com.transsion.dragdrop.v1.DragDropLice@e515e75 from android.view.IViewLice
10-22 10:36:14.102 20647 20647 D os.LiceInfo: instance successfully. com.transsion.view.ViewLice@6eb0e0a from android.view.IViewLice
10-22 10:36:14.104 20647 20647 D TranClassInfo: instance successfully. com.transsion.hubcore.spdopts.magellan.implement.TranMagellanViewComponentImpl@70adc98 from com.transsion.hubcore.magellan.ITranMagellanViewComponent
10-22 10:36:14.106 20647 20647 D TranClassInfo: instance successfully. com.transsion.hubcore.internal.TranInternalViewImpl@d1d2a44 from com.transsion.hubcore.internal.ITranInternalView
10-22 10:36:14.107 20647 20647 D os.SingleLiceFactory: using com.android.internal.IInternalViewLice$DefaultImpl@ce3e72d instead of com.transsion.activityembedding.ActivityEmbeddingLiceFactory  from com.android.internal.IInternalViewLice
10-22 10:36:14.107 20647 20647 D os.SingleLice: instance successfully. com.transsion.whitenavigation.v1.WhiteNavigationLice@7475462 from com.transsion.whitenavigation.WhiteNavigationLiceFactory
10-22 10:36:14.107 20647 20647 D os.SingleLiceFactory: instance successfully. com.transsion.whitenavigation.v1.WhiteNavigationLice@7475462 from com.android.internal.IInternalViewLice
10-22 10:36:14.107 20647 20647 D os.SingleLice: instance successfully. com.transsion.screenshothelper.v1.ScreenShotHelperImplLice@ae0f9f3 from com.transsion.screenshothelper.ScreenShotHelperImplLiceFactory
10-22 10:36:14.107 20647 20647 D os.SingleLiceFactory: instance successfully. com.transsion.screenshothelper.v1.ScreenShotHelperImplLice@ae0f9f3 from com.android.internal.IInternalViewLice
10-22 10:36:14.107 20647 20647 D os.LiceInfo: instance successfully. com.transsion.internal.InternalViewLice@2e4a6b0 from com.android.internal.IInternalViewLice
10-22 10:36:14.148 20647 16933 D libMEOW : meow new tls: 0xe28dbc50
10-22 10:36:14.148 20647 16933 D libMEOW : applied 1 plugins for [top.niunaijun.blackdexa32]:
10-22 10:36:14.148 20647 16933 D libMEOW :   plugin 1: [libMEOW_gift.so]: 0xae50db70
10-22 10:36:14.149 20647 16933 D libMEOW : rebuild call chain: 0xe28f7890
10-22 10:36:14.149 20647 16933 D libMEOW : meow delete tls: 0xe28dbc50
10-22 10:36:14.153 20647 20647 D ActivityThread: ++ activityComponent:top.niunaijun.blackdexa32/top.niunaijun.blackdex.view.main.MainActivity counts:1 ALEAK_CLEAR_SUPPORT:true
10-22 10:36:14.163 20647 20647 D CompatibilityChangeReporter: Compat change id reported: 210923482; UID 10259; state: DISABLED
10-22 10:36:14.164 20647 20647 D CompatibilityChangeReporter: Compat change id reported: 37756858; UID 10259; state: ENABLED
10-22 10:36:14.189 20647 20647 I M-ProMotion: M-ProMotion is disabled
10-22 10:36:14.206 20647 20647 D TranClassInfo: instance successfully. com.transsion.hubcore.widget.TranOverScrollerImpl@6e99563 from com.transsion.hubcore.widget.ITranOverScroller
10-22 10:36:14.206 20647 20647 D TranClassInfo: instance successfully. com.transsion.hubcore.spdopts.flingmanager.implement.TranFlingManagerImpl@a8af560 from com.transsion.hubcore.flingmanager.ITranFlingManager
10-22 10:36:14.221 20647 20647 D TranClassInfo: instance successfully. com.transsion.hubcore.spdopts.appturbo.implement.TranActivityAppturboImpl@d2c29fd from com.transsion.hubcore.appturbo.ITranActivityAppturboComponent
10-22 10:36:14.221 20647 20647 D TranActivityAppturboImpl: onResumeHork
10-22 10:36:14.226 20647 20647 I SurfaceFactory: [static] sSurfaceFactory = com.mediatek.view.impl.SurfaceFactoryImpl@41cc03e
10-22 10:36:14.227 20647 16934 D nativeloader: Load libpowerhalwrap_jni.so using system ns (caller=/system_ext/framework/mediatek-framework.jar): ok
10-22 10:36:14.227 20647 16934 I PowerHalWrapper: PowerHalWrapper.getInstance 
10-22 10:36:14.227 20647 20647 D CompatibilityChangeReporter: Compat change id reported: 237531167; UID 10259; state: DISABLED
10-22 10:36:14.232 20647 20647 D VRI[MainActivity]: hardware acceleration = true, forceHwAccelerated = false
10-22 10:36:14.238 20647 20647 D libMEOW : meow new tls: 0xda70de30
10-22 10:36:14.238 20647 20647 D libMEOW : applied 1 plugins for [top.niunaijun.blackdexa32]:
10-22 10:36:14.238 20647 20647 D libMEOW :   plugin 1: [libMEOW_gift.so]: 0xae50db70
10-22 10:36:14.238 20647 20647 D libMEOW : rebuild call chain: 0xda700010
10-22 10:36:14.239 20647 20647 D InputTransport: Create ARC handle: 0xe9cb3e50
10-22 10:36:14.239 20647 20647 D InputEventReceiver: Input log is disabled in InputEventReceiver.
10-22 10:36:14.239 20647 20647 D InputTransport: Input log is disabled in InputChannel.
10-22 10:36:14.242 20647 20647 D AutofillManager: view not autofillable - not passing ime action check
10-22 10:36:14.269 20647 20647 D BufferQueueConsumer: [](id:50a700000000,api:0,p:-1,c:20647) connect: controlledByApp=false
10-22 10:36:14.271 20647 20647 E FBI     : Can't load library: dlopen failed: library "libmagtsync.so" not found
10-22 10:36:14.272 20647 20647 I config_debug: updateDecorCaptionStatus: {1.0 418mcc20mnc [ar_EG] ldrtl sw360dp w360dp h736dp 480dpi nrml long widecg port night finger -keyb/v/h -nav/h winConfig={ mBounds=Rect(0, 0 - 1080, 2436) mAppBounds=Rect(0, 108 - 1080, 2316) mMaxBounds=Rect(0, 0 - 1080, 2436) mDisplayRotation=ROTATION_0 mWindowingMode=fullscreen mDisplayWindowingMode=fullscreen mMultiWindowMode=normal mMultiWindowId=0 mWindowResiable=6 mInLargeScreen=-1 mActivityType=standard mAlwaysOnTop=undefined mRotation=ROTATION_0} s.1 fontWeightAdjustment=0} fromMultiWindow: true
10-22 10:36:14.273 20647 16909 D libMEOW : meow new tls: 0xe28dbc50
10-22 10:36:14.273 20647 16909 D libMEOW : applied 1 plugins for [top.niunaijun.blackdexa32]:
10-22 10:36:14.273 20647 16909 D libMEOW :   plugin 1: [libMEOW_gift.so]: 0xae50db70
10-22 10:36:14.274 20647 16909 D libMEOW : rebuild call chain: 0xe28f7890
10-22 10:36:14.292 20647 16909 E OpenGLRenderer: Unable to match the desired swap behavior.
10-22 10:36:14.321 20647 16909 D BLASTBufferQueue: [VRI[MainActivity]#0](f:0,a:1) acquireNextBufferLocked size=1080x2436 mFrameNumber=1 applyTransaction=true mTimestamp=12414300111046(auto) mPendingTransactions.size=0 graphicBufferId=88678189760512 transform=0
10-22 10:36:14.406 20647 16901 D CompatibilityChangeReporter: Compat change id reported: 247079863; UID 10259; state: DISABLED
10-22 10:36:14.419 20647 16900 W SQLiteLog: (28) double-quoted string literal: "C7E224705C8DACEB50929AB327CF67EB"
10-22 10:36:14.419 20647 16900 W SQLiteLog: (28) double-quoted string literal: ""
10-22 10:36:14.419 20647 16900 W SQLiteLog: (28) double-quoted string literal: "C7E224705C8DACEB50929AB327CF67EB"
10-22 10:36:14.419 20647 16900 W SQLiteLog: (28) double-quoted string literal: "-1"
10-22 10:36:14.441 20647 16901 D TrafficStats: tagSocket(243) with statsTag=0xffffffff, statsUid=-1
10-22 10:36:14.453 20647 16936 I incfs   : Initial API level of the device: 34
10-22 10:36:14.453 20647 16936 W libc    : Access denied finding property "ro.incremental.enable"
10-22 10:36:14.453 20647 16936 I incfs   : ro.incremental.enable: on
10-22 10:36:14.453 20647 16936 I incfs   : IncFs_Features: v2
10-22 10:36:14.452 20647 20647 W DefaultDispatch: type=1400 audit(0.0:15854): avc:  denied  { read } for  name="u:object_r:incremental_prop:s0" dev="tmpfs" ino=265 scontext=u:r:untrusted_app_30:s0:c3,c257,c512,c768 tcontext=u:object_r:incremental_prop:s0 tclass=file permissive=0 app=top.niunaijun.blackdexa32
10-22 10:36:14.452 20647 20647 W DefaultDispatch: type=1400 audit(0.0:15855): avc:  denied  { read } for  name="filesystems" dev="proc" ino=4026532148 scontext=u:r:untrusted_app_30:s0:c3,c257,c512,c768 tcontext=u:object_r:proc_filesystems:s0 tclass=file permissive=0 app=top.niunaijun.blackdexa32
10-22 10:36:14.454 20647 16936 I incfs-mounts: [incfs] Loaded incremental-fs mount info: 2 instances, 4 mount points
10-22 10:36:14.465 20647 20647 D ActivityThread: mToDestroying.remove:ActivityRecord{8895ba0 token=android.os.BinderProxy@a8d97d8 {top.niunaijun.blackdexa32/top.niunaijun.blackdex.view.base.WelcomeActivity}}
10-22 10:36:14.886 16875 16904 D TrafficStats: tagSocket(100) with statsTag=0xffffffff, statsUid=-1
10-22 10:36:15.684 20647 20647 D os.LiceInfo: instance successfully. com.transsion.message.bank.v1.MessageBankLice@18ec152 from com.transsion.message.bank.IMessageBankLice
10-22 10:36:15.687 20647 20647 D TranClassInfo: instance successfully. com.transsion.hubcore.internal.policy.TranDecorViewImpl@198b520 from com.transsion.hubcore.internal.policy.ITranDecorView
10-22 10:36:15.700 20647 16909 I mali    : [DebugProp] GPU Debug-Mechanism Disable !
10-22 10:36:15.769 20647 20647 D TranClassInfo: instance successfully. com.transsion.hubcore.app.TranAppImpl@224034c from com.transsion.hubcore.app.ITranApp
10-22 10:36:15.785 20647 20647 D CompatibilityChangeReporter: Compat change id reported: 171228096; UID 10259; state: ENABLED
10-22 10:36:15.789 20647 20647 D VRI[MainActivity]: hardware acceleration = true, forceHwAccelerated = false
10-22 10:36:15.796 20647 20647 D InputTransport: Create ARC handle: 0xd7f2d9b0
10-22 10:36:15.796 20647 20647 D InputEventReceiver: Input log is disabled in InputEventReceiver.
10-22 10:36:15.796 20647 20647 D InputTransport: Input log is disabled in InputChannel.
10-22 10:36:15.808 20647 20647 D BufferQueueConsumer: [](id:50a700000001,api:0,p:-1,c:20647) connect: controlledByApp=false
10-22 10:36:15.809 20647 20647 I config_debug: updateDecorCaptionStatus: {1.0 418mcc20mnc [ar_EG] ldrtl sw360dp w360dp h736dp 480dpi nrml long widecg port night finger -keyb/v/h -nav/h winConfig={ mBounds=Rect(0, 0 - 1080, 2436) mAppBounds=Rect(0, 108 - 1080, 2316) mMaxBounds=Rect(0, 0 - 1080, 2436) mDisplayRotation=ROTATION_0 mWindowingMode=fullscreen mDisplayWindowingMode=fullscreen mMultiWindowMode=normal mMultiWindowId=0 mWindowResiable=6 mInLargeScreen=-1 mActivityType=standard mAlwaysOnTop=undefined mRotation=ROTATION_0} s.1 fontWeightAdjustment=0} fromMultiWindow: true
10-22 10:36:15.810 20647 16909 E OpenGLRenderer: Unable to match the desired swap behavior.
10-22 10:36:15.828 20647 16909 D BLASTBufferQueue: [VRI[MainActivity]#1](f:0,a:1) acquireNextBufferLocked size=1080x824 mFrameNumber=1 applyTransaction=true mTimestamp=12415807525739(auto) mPendingTransactions.size=0 graphicBufferId=88678189760524 transform=0
10-22 10:36:18.605 20647 16900 W SQLiteLog: (28) double-quoted string literal: "
10-22 10:36:18.605 20647 16900 W SQLiteLog: (28) double-quoted string literal: "C7E224705C8DACEB50929AB327CF67EB"
10-22 10:36:19.048 20647 20647 D BLASTBufferQueue: [VRI[MainActivity]#0](f:0,a:1) destructor()
10-22 10:36:19.048 20647 20647 D BufferQueueConsumer: [VRI[MainActivity]#0(BLAST Consumer)0](id:50a700000000,api:0,p:-1,c:20647) disconnect
10-22 10:36:19.065 20647 20647 D BLASTBufferQueue: [VRI[MainActivity]#1](f:0,a:1) destructor()
10-22 10:36:19.065 20647 20647 D BufferQueueConsumer: [VRI[MainActivity]#1(BLAST Consumer)1](id:50a700000001,api:0,p:-1,c:20647) disconnect
10-22 10:36:24.229 20647 16853 W jun.blackdexa32: Cleared Reference was only reachable from finalizer (only reported once)
10-22 10:36:24.264 20647 20647 W FinalizerDaemon: type=1400 audit(0.0:15860): avc:  denied  { getopt } for  path="/dev/socket/usap_pool_secondary" scontext=u:r:untrusted_app_30:s0:c3,c257,c512,c768 tcontext=u:r:zygote:s0 tclass=unix_stream_socket permissive=0 app=top.niunaijun.blackdexa32
10-22 10:36:24.267 20647 16855 W jun.blackdexa32: ApkAssets: Deleting an ApkAssets object '<empty> and /data/app/~~w0NABJyE0bdGvFS05gdi3A==/org.telegram.messenger-AXwHsnGc8c23pPtQLbG5aA==/base.apk' with 1 weak references
10-22 10:36:24.268 20647 16855 W jun.blackdexa32: ApkAssets: Deleting an ApkAssets object '<empty> and /data/app/~~w0NABJyE0bdGvFS05gdi3A==/org.telegram.messenger-AXwHsnGc8c23pPtQLbG5aA==/split_config.ar.apk' with 1 weak references
10-22 10:36:24.268 20647 16855 W jun.blackdexa32: ApkAssets: Deleting an ApkAssets object '<empty> and /data/app/~~w0NABJyE0bdGvFS05gdi3A==/org.telegram.messenger-AXwHsnGc8c23pPtQLbG5aA==/split_config.arm64_v8a.apk' with 1 weak references
10-22 10:36:24.268 20647 16855 W jun.blackdexa32: ApkAssets: Deleting an ApkAssets object '<empty> and /data/app/~~w0NABJyE0bdGvFS05gdi3A==/org.telegram.messenger-AXwHsnGc8c23pPtQLbG5aA==/split_config.xxhdpi.apk' with 1 weak references
10-22 10:36:24.268 20647 16855 W jun.blackdexa32: ApkAssets: Deleting an ApkAssets object '<empty> and /data/app/~~378hfB9yvMQe_HJ5Ms6XtA==/org.chromium.webapk.aecb84bc3eb2e99c3_v2-UXeU1LDSJ89gJDPVWLoMqg==/base.apk' with 1 weak references
10-22 10:36:24.269 20647 16855 W jun.blackdexa32: ApkAssets: Deleting an ApkAssets object '<empty> and /data/app/~~nPSUCIoR4oOs2uN0H9-zrw==/com.rhmsoft.edit-rGsxQq2nzsbOTIyUgXj6IA==/base.apk' with 1 weak references
10-22 10:36:24.269 20647 16855 W jun.blackdexa32: ApkAssets: Deleting an ApkAssets object '<empty> and /data/app/~~nPSUCIoR4oOs2uN0H9-zrw==/com.rhmsoft.edit-rGsxQq2nzsbOTIyUgXj6IA==/split_config.arm64_v8a.apk' with 1 weak references
10-22 10:36:24.269 20647 16855 W jun.blackdexa32: ApkAssets: Deleting an ApkAssets object '<empty> and /data/app/~~oQYhuCPS8OQVKt7-zM0ITQ==/com.google.android.apps.messaging-uour40pfFXjTHm6noCip1w==/base.apk' with 1 weak references
10-22 10:36:24.269 20647 16855 W jun.blackdexa32: ApkAssets: Deleting an ApkAssets object '<empty> and /data/app/~~oQYhuCPS8OQVKt7-zM0ITQ==/com.google.android.apps.messaging-uour40pfFXjTHm6noCip1w==/split_config.ar.apk' with 1 weak references
10-22 10:36:24.269 20647 16855 W jun.blackdexa32: ApkAssets: Deleting an ApkAssets object '<empty> and /data/app/~~oQYhuCPS8OQVKt7-zM0ITQ==/com.google.android.apps.messaging-uour40pfFXjTHm6noCip1w==/split_config.arm64_v8a.apk' with 1 weak references
10-22 10:36:24.269 20647 16855 W jun.blackdexa32: ApkAssets: Deleting an ApkAssets object '<empty> and /data/app/~~oQYhuCPS8OQVKt7-zM0ITQ==/com.google.android.apps.messaging-uour40pfFXjTHm6noCip1w==/split_config.xxhdpi.apk' with 1 weak references
10-22 10:36:24.269 20647 16855 W jun.blackdexa32: ApkAssets: Deleting an ApkAssets object '<empty> and /data/app/~~446H0IWWx8PcUHHfHJHd3w==/com.duosecurity.duomobile-UqFJ2EVaVCSgiicBQO65zg==/base.apk' with 1 weak references
10-22 10:36:24.270 20647 16855 W jun.blackdexa32: ApkAssets: Deleting an ApkAssets object '<empty> and /data/app/~~TboM7Eg_pAPAkpwND9RHZA==/bin.mt.plus-BTpuphLWFWOYVt3SzRVwsw==/base.apk' with 1 weak references
10-22 10:36:24.270 20647 16855 W jun.blackdexa32: ApkAssets: Deleting an ApkAssets object '<empty> and /data/app/~~W9zb_YTZHVRq2zJOlH4C7Q==/com.happymod.apk-k0tslcMn5Z93PaCC3yfTVw==/base.apk' with 1 weak references
10-22 10:36:24.271 20647 16855 W jun.blackdexa32: ApkAssets: Deleting an ApkAssets object '<empty> and /data/app/~~s4zZ1LAI8Hoyc5DO8vA5Ng==/com.snaptube.premium-0qUzKLZHcsz31qvF5kbVFg==/base.apk' with 1 weak references
10-22 10:36:24.271 20647 16855 W jun.blackdexa32: ApkAssets: Deleting an ApkAssets object '<empty> and /data/app/~~xvOruwKFONLQZ6HOMXjlhA==/com.twitter.android-NFYRaQE6uKZXxPu6Oirk5w==/base.apk' with 1 weak references
10-22 10:36:24.271 20647 16855 W jun.blackdexa32: ApkAssets: Deleting an ApkAssets object '<empty> and /data/app/~~xvOruwKFONLQZ6HOMXjlhA==/com.twitter.android-NFYRaQE6uKZXxPu6Oirk5w==/split_config.ar.apk' with 1 weak references
10-22 10:36:24.271 20647 16855 W jun.blackdexa32: ApkAssets: Deleting an ApkAssets object '<empty> and /data/app/~~xvOruwKFONLQZ6HOMXjlhA==/com.twitter.android-NFYRaQE6uKZXxPu6Oirk5w==/split_config.arm64_v8a.apk' with 1 weak references
10-22 10:36:24.271 20647 16855 W jun.blackdexa32: ApkAssets: Deleting an ApkAssets object '<empty> and /data/app/~~xvOruwKFONLQZ6HOMXjlhA==/com.twitter.android-NFYRaQE6uKZXxPu6Oirk5w==/split_config.xxhdpi.apk' with 1 weak references
10-22 10:36:24.272 20647 16855 W jun.blackdexa32: ApkAssets: Deleting an ApkAssets object '<empty> and /data/app/~~Uv_Iq1VkqpZByZIQLiGsXQ==/com.jana.tube.video-Rnv4RpvAcLwyfQunoV4vNQ==/base.apk' with 1 weak references
10-22 10:36:24.272 20647 16855 W jun.blackdexa32: ApkAssets: Deleting an ApkAssets object '<empty> and /data/app/~~Uv_Iq1VkqpZByZIQLiGsXQ==/com.jana.tube.video-Rnv4RpvAcLwyfQunoV4vNQ==/split_config.arm64_v8a.apk' with 1 weak references
10-22 10:36:24.272 20647 16855 W jun.blackdexa32: ApkAssets: Deleting an ApkAssets object '<empty> and /data/app/~~Uv_Iq1VkqpZByZIQLiGsXQ==/com.jana.tube.video-Rnv4RpvAcLwyfQunoV4vNQ==/split_config.xxhdpi.apk' with 1 weak references
10-22 10:36:24.272 20647 16855 W jun.blackdexa32: ApkAssets: Deleting an ApkAssets object '<empty> and /data/app/~~E5VV2XiHr_U_G_sXDzdEZg==/com.zhiliaoapp.musically-FSUNpYtAYMh7xW1DIYdIPA==/base.apk' with 1 weak references
10-22 10:36:24.273 20647 16855 W jun.blackdexa32: ApkAssets: Deleting an ApkAssets object '<empty> and /data/app/~~E5VV2XiHr_U_G_sXDzdEZg==/com.zhiliaoapp.musically-FSUNpYtAYMh7xW1DIYdIPA==/split_config.ar.apk' with 1 weak references
10-22 10:36:24.273 20647 16855 W jun.blackdexa32: ApkAssets: Deleting an ApkAssets object '<empty> and /data/app/~~E5VV2XiHr_U_G_sXDzdEZg==/com.zhiliaoapp.musically-FSUNpYtAYMh7xW1DIYdIPA==/split_config.arm64_v8a.apk' with 1 weak references
10-22 10:36:24.273 20647 16855 W jun.blackdexa32: ApkAssets: Deleting an ApkAssets object '<empty> and /data/app/~~E5VV2XiHr_U_G_sXDzdEZg==/com.zhiliaoapp.musically-FSUNpYtAYMh7xW1DIYdIPA==/split_config.xxhdpi.apk' with 1 weak references
10-22 10:36:24.273 20647 16855 W jun.blackdexa32: ApkAssets: Deleting an ApkAssets object '<empty> and /data/app/~~E5VV2XiHr_U_G_sXDzdEZg==/com.zhiliaoapp.musically-FSUNpYtAYMh7xW1DIYdIPA==/split_df_kakao.apk' with 1 weak references
10-22 10:36:24.273 20647 16855 W jun.blackdexa32: ApkAssets: Deleting an ApkAssets object '<empty> and /data/app/~~E5VV2XiHr_U_G_sXDzdEZg==/com.zhiliaoapp.musically-FSUNpYtAYMh7xW1DIYdIPA==/split_df_line.apk' with 1 weak references
10-22 10:36:24.273 20647 16855 W jun.blackdexa32: ApkAssets: Deleting an ApkAssets object '<empty> and /data/app/~~E5VV2XiHr_U_G_sXDzdEZg==/com.zhiliaoapp.musically-FSUNpYtAYMh7xW1DIYdIPA==/split_df_line_nonus.apk' with 1 weak references
10-22 10:36:24.273 20647 16855 W jun.blackdexa32: ApkAssets: Deleting an ApkAssets object '<empty> and /data/app/~~E5VV2XiHr_U_G_sXDzdEZg==/com.zhiliaoapp.musically-FSUNpYtAYMh7xW1DIYdIPA==/split_df_live_byte_link.apk' with 1 weak references
10-22 10:36:24.274 20647 16855 W jun.blackdexa32: ApkAssets: Deleting an ApkAssets object '<empty> and /data/app/~~E5VV2XiHr_U_G_sXDzdEZg==/com.zhiliaoapp.musically-FSUNpYtAYMh7xW1DIYdIPA==/split_df_live_byte_link.config.arm64_v8a.apk' with 1 weak references
10-22 10:36:24.274 20647 16855 W jun.blackdexa32: ApkAssets: Deleting an ApkAssets object '<empty> and /data/app/~~E5VV2XiHr_U_G_sXDzdEZg==/com.zhiliaoapp.musically-FSUNpYtAYMh7xW1DIYdIPA==/split_df_live_cmaf.apk' with 1 weak references
10-22 10:36:24.274 20647 16855 W jun.blackdexa32: ApkAssets: Deleting an ApkAssets object '<empty> and /data/app/~~E5VV2XiHr_U_G_sXDzdEZg==/com.zhiliaoapp.musically-FSUNpYtAYMh7xW1DIYdIPA==/split_df_live_cmaf.config.arm64_v8a.apk' with 1 weak references
10-22 10:36:24.274 20647 16855 W jun.blackdexa32: ApkAssets: Deleting an ApkAssets object '<empty> and /data/app/~~E5VV2XiHr_U_G_sXDzdEZg==/com.zhiliaoapp.musically-FSUNpYtAYMh7xW1DIYdIPA==/split_df_live_p2p.apk' with 1 weak references
10-22 10:36:24.274 20647 16855 W jun.blackdexa32: ApkAssets: Deleting an ApkAssets object '<empty> and /data/app/~~E5VV2XiHr_U_G_sXDzdEZg==/com.zhiliaoapp.musically-FSUNpYtAYMh7xW1DIYdIPA==/split_df_live_p2p.config.arm64_v8a.apk' with 1 weak references
10-22 10:36:24.274 20647 16855 W jun.blackdexa32: ApkAssets: Deleting an ApkAssets object '<empty> and /data/app/~~E5VV2XiHr_U_G_sXDzdEZg==/com.zhiliaoapp.musically-FSUNpYtAYMh7xW1DIYdIPA==/split_df_live_quic.apk' with 1 weak references
10-22 10:36:24.275 20647 16855 W jun.blackdexa32: ApkAssets: Deleting an ApkAssets object '<empty> and /data/app/~~E5VV2XiHr_U_G_sXDzdEZg==/com.zhiliaoapp.musically-FSUNpYtAYMh7xW1DIYdIPA==/split_df_live_quic.config.arm64_v8a.apk' with 1 weak references
10-22 10:36:24.275 20647 16855 W jun.blackdexa32: ApkAssets: Deleting an ApkAssets object '<empty> and /data/app/~~E5VV2XiHr_U_G_sXDzdEZg==/com.zhiliaoapp.musically-FSUNpYtAYMh7xW1DIYdIPA==/split_df_live_rtmglobal.apk' with 1 weak references
10-22 10:36:24.275 20647 16855 W jun.blackdexa32: ApkAssets: Deleting an ApkAssets object '<empty> and /data/app/~~E5VV2XiHr_U_G_sXDzdEZg==/com.zhiliaoapp.musically-FSUNpYtAYMh7xW1DIYdIPA==/split_df_live_rtmglobal.config.arm64_v8a.apk' with 1 weak references
10-22 10:36:24.275 20647 16855 W jun.blackdexa32: ApkAssets: Deleting an ApkAssets object '<empty> and /data/app/~~E5VV2XiHr_U_G_sXDzdEZg==/com.zhiliaoapp.musically-FSUNpYtAYMh7xW1DIYdIPA==/split_df_location.apk' with 1 weak references
10-22 10:36:24.275 20647 16855 W jun.blackdexa32: ApkAssets: Deleting an ApkAssets object '<empty> and /data/app/~~E5VV2XiHr_U_G_sXDzdEZg==/com.zhiliaoapp.musically-FSUNpYtAYMh7xW1DIYdIPA==/split_df_location.config.arm64_v8a.apk' with 1 weak references
10-22 10:36:24.275 20647 16855 W jun.blackdexa32: ApkAssets: Deleting an ApkAssets object '<empty> and /data/app/~~E5VV2XiHr_U_G_sXDzdEZg==/com.zhiliaoapp.musically-FSUNpYtAYMh7xW1DIYdIPA==/split_df_music_dsp.apk' with 1 weak references
10-22 10:36:24.275 20647 16855 W jun.blackdexa32: ApkAssets: Deleting an ApkAssets object '<empty> and /data/app/~~E5VV2XiHr_U_G_sXDzdEZg==/com.zhiliaoapp.musically-FSUNpYtAYMh7xW1DIYdIPA==/split_df_oppo_hyperboost.apk' with 1 weak references
10-22 10:36:24.275 20647 16855 W jun.blackdexa32: ApkAssets: Deleting an ApkAssets object '<empty> and /data/app/~~E5VV2XiHr_U_G_sXDzdEZg==/com.zhiliaoapp.musically-FSUNpYtAYMh7xW1DIYdIPA==/split_df_oppo_push.apk' with 1 weak references
10-22 10:36:24.276 20647 16855 W jun.blackdexa32: ApkAssets: Deleting an ApkAssets object '<empty> and /data/app/~~E5VV2XiHr_U_G_sXDzdEZg==/com.zhiliaoapp.musically-FSUNpYtAYMh7xW1DIYdIPA==/split_df_oppo_push.config.ar.apk' with 1 weak references
10-22 10:36:24.276 20647 16855 W jun.blackdexa32: ApkAssets: Deleting an ApkAssets object '<empty> and /data/app/~~E5VV2XiHr_U_G_sXDzdEZg==/com.zhiliaoapp.musically-FSUNpYtAYMh7xW1DIYdIPA==/split_df_pitaya.apk' with 1 weak references
10-22 10:36:24.276 20647 16855 W jun.blackdexa32: ApkAssets: Deleting an ApkAssets object '<empty> and /data/app/~~E5VV2XiHr_U_G_sXDzdEZg==/com.zhiliaoapp.musically-FSUNpYtAYMh7xW1DIYdIPA==/split_df_pitaya.config.arm64_v8a.apk' with 1 weak references
10-22 10:36:24.276 20647 16855 W jun.blackdexa32: ApkAssets: Deleting an ApkAssets object '<empty> and /data/app/~~E5VV2XiHr_U_G_sXDzdEZg==/com.zhiliaoapp.musically-FSUNpYtAYMh7xW1DIYdIPA==/split_df_player.apk' with 1 weak references
10-22 10:36:24.276 20647 16855 W jun.blackdexa32: ApkAssets: Deleting an ApkAssets object '<empty> and /data/app/~~E5VV2XiHr_U_G_sXDzdEZg==/com.zhiliaoapp.musically-FSUNpYtAYMh7xW1DIYdIPA==/split_df_player.config.arm64_v8a.apk' with 1 weak references
10-22 10:36:24.276 20647 16855 W jun.blackdexa32: ApkAssets: Deleting an ApkAssets object '<empty> and /data/app/~~E5VV2XiHr_U_G_sXDzdEZg==/com.zhiliaoapp.musically-FSUNpYtAYMh7xW1DIYdIPA==/split_df_search_adblock.apk' with 1 weak references
10-22 10:36:24.276 20647 16855 W jun.blackdexa32: ApkAssets: Deleting an ApkAssets object '<empty> and /data/app/~~E5VV2XiHr_U_G_sXDzdEZg==/com.zhiliaoapp.musically-FSUNpYtAYMh7xW1DIYdIPA==/split_df_ship.apk' with 1 weak references
10-22 10:36:24.276 20647 16855 W jun.blackdexa32: ApkAssets: Deleting an ApkAssets object '<empty> and /data/app/~~E5VV2XiHr_U_G_sXDzdEZg==/com.zhiliaoapp.musically-FSUNpYtAYMh7xW1DIYdIPA==/split_df_ship.config.ar.apk' with 1 weak references
10-22 10:36:24.276 20647 16855 W jun.blackdexa32: ApkAssets: Deleting an ApkAssets object '<empty> and /data/app/~~E5VV2XiHr_U_G_sXDzdEZg==/com.zhiliaoapp.musically-FSUNpYtAYMh7xW1DIYdIPA==/split_df_ship.config.arm64_v8a.apk' with 1 weak references
10-22 10:36:24.276 20647 16855 W jun.blackdexa32: ApkAssets: Deleting an ApkAssets object '<empty> and /data/app/~~E5VV2XiHr_U_G_sXDzdEZg==/com.zhiliaoapp.musically-FSUNpYtAYMh7xW1DIYdIPA==/split_df_ship.config.xxhdpi.apk' with 1 weak references
10-22 10:36:24.276 20647 16855 W jun.blackdexa32: ApkAssets: Deleting an ApkAssets object '<empty> and /data/app/~~E5VV2XiHr_U_G_sXDzdEZg==/com.zhiliaoapp.musically-FSUNpYtAYMh7xW1DIYdIPA==/split_df_tiktok_font.apk' with 1 weak references
10-22 10:36:24.276 20647 16855 W jun.blackdexa32: ApkAssets: Deleting an ApkAssets object '<empty> and /data/app/~~E5VV2XiHr_U_G_sXDzdEZg==/com.zhiliaoapp.musically-FSUNpYtAYMh7xW1DIYdIPA==/split_df_transsion.apk' with 1 weak references
10-22 10:36:24.276 20647 16855 W jun.blackdexa32: ApkAssets: Deleting an ApkAssets object '<empty> and /data/app/~~E5VV2XiHr_U_G_sXDzdEZg==/com.zhiliaoapp.musically-FSUNpYtAYMh7xW1DIYdIPA==/split_df_vmsdk.apk' with 1 weak references
10-22 10:36:24.276 20647 16855 W jun.blackdexa32: ApkAssets: Deleting an ApkAssets object '<empty> and /data/app/~~E5VV2XiHr_U_G_sXDzdEZg==/com.zhiliaoapp.musically-FSUNpYtAYMh7xW1DIYdIPA==/split_df_vmsdk.config.arm64_v8a.apk' with 1 weak references
10-22 10:36:24.276 20647 16855 W jun.blackdexa32: ApkAssets: Deleting an ApkAssets object '<empty> and /data/app/~~iU9wv-T5h0ePOOm319OUJA==/org.telegram.plus-56VnI0DC11YvX0XOPd1PLA==/base.apk' with 1 weak references
10-22 10:36:24.277 20647 16855 W jun.blackdexa32: ApkAssets: Deleting an ApkAssets object '<empty> and /data/app/~~iU9wv-T5h0ePOOm319OUJA==/org.telegram.plus-56VnI0DC11YvX0XOPd1PLA==/split_config.ar.apk' with 1 weak references
10-22 10:36:24.277 20647 16855 W jun.blackdexa32: ApkAssets: Deleting an ApkAssets object '<empty> and /data/app/~~iU9wv-T5h0ePOOm319OUJA==/org.telegram.plus-56VnI0DC11YvX0XOPd1PLA==/split_config.arm64_v8a.apk' with 1 weak references
10-22 10:36:24.277 20647 16855 W jun.blackdexa32: ApkAssets: Deleting an ApkAssets object '<empty> and /data/app/~~iU9wv-T5h0ePOOm319OUJA==/org.telegram.plus-56VnI0DC11YvX0XOPd1PLA==/split_config.xxhdpi.apk' with 1 weak references
10-22 10:36:24.277 20647 16855 W jun.blackdexa32: ApkAssets: Deleting an ApkAssets object '<empty> and /data/app/~~d5gMQ-OqudwjXD0y_1gPCA==/com.picsart.studio.light-JEBBbRG1q_h7OSVF-ixFXg==/base.apk' with 1 weak references
10-22 10:36:24.278 20647 16855 W jun.blackdexa32: ApkAssets: Deleting an ApkAssets object '<empty> and /data/app/~~d5gMQ-OqudwjXD0y_1gPCA==/com.picsart.studio.light-JEBBbRG1q_h7OSVF-ixFXg==/split_config.ar.apk' with 1 weak references
10-22 10:36:24.278 20647 16855 W jun.blackdexa32: ApkAssets: Deleting an ApkAssets object '<empty> and /data/app/~~d5gMQ-OqudwjXD0y_1gPCA==/com.picsart.studio.light-JEBBbRG1q_h7OSVF-ixFXg==/split_config.arm64_v8a.apk' with 1 weak references
10-22 10:36:24.278 20647 16855 W jun.blackdexa32: ApkAssets: Deleting an ApkAssets object '<empty> and /data/app/~~d5gMQ-OqudwjXD0y_1gPCA==/com.picsart.studio.light-JEBBbRG1q_h7OSVF-ixFXg==/split_config.en.apk' with 1 weak references
10-22 10:36:24.278 20647 16855 W jun.blackdexa32: ApkAssets: Deleting an ApkAssets object '<empty> and /data/app/~~d5gMQ-OqudwjXD0y_1gPCA==/com.picsart.studio.light-JEBBbRG1q_h7OSVF-ixFXg==/split_config.xxhdpi.apk' with 1 weak references
10-22 10:36:24.279 20647 16855 W jun.blackdexa32: ApkAssets: Deleting an ApkAssets object '<empty> and /data/app/~~VEJA7WtlTeLD1n2foxcyZg==/ir.ilmili.telegraph-RbzezuKEhlH1w2qIYeLjaw==/base.apk' with 1 weak references
10-22 10:36:24.279 20647 16855 W jun.blackdexa32: ApkAssets: Deleting an ApkAssets object '<empty> and /data/app/~~VEJA7WtlTeLD1n2foxcyZg==/ir.ilmili.telegraph-RbzezuKEhlH1w2qIYeLjaw==/split_config.arm64_v8a.apk' with 1 weak references
10-22 10:36:24.279 20647 16855 W jun.blackdexa32: ApkAssets: Deleting an ApkAssets object '<empty> and /data/app/~~VEJA7WtlTeLD1n2foxcyZg==/ir.ilmili.telegraph-RbzezuKEhlH1w2qIYeLjaw==/split_config.xxhdpi.apk' with 1 weak references
10-22 10:36:24.279 20647 16855 W jun.blackdexa32: ApkAssets: Deleting an ApkAssets object '<empty> and /data/app/~~PQJxA39GJ2gVwuccwhlMHw==/com.bgpworks.vpn-RIRkjw-XcGCUlEPWD-xhzg==/base.apk' with 1 weak references
10-22 10:36:24.279 20647 16855 W jun.blackdexa32: ApkAssets: Deleting an ApkAssets object '<empty> and /data/app/~~7s_NtVqkm7BLuEnabs6fsQ==/rk.android.app.privacydashboard-TEHaqwJw0cQHRHcNAJD5sA==/base.apk' with 1 weak references
10-22 10:36:24.280 20647 16855 W jun.blackdexa32: ApkAssets: Deleting an ApkAssets object '<empty> and /data/app/~~1ZZ5r4hP4GFsUBJb9prpqg==/com.termux-ov9lRmDlIcqATVL74hR5Hw==/base.apk' with 1 weak references
10-22 10:36:24.280 20647 16855 W jun.blackdexa32: ApkAssets: Deleting an ApkAssets object '<empty> and /data/app/~~VX8sWO3F_R75ANQfzMUoQg==/sami.pro.keyboard.free-yYC25755FxfBy211IKnRzA==/base.apk' with 1 weak references
10-22 10:36:24.280 20647 16855 W jun.blackdexa32: ApkAssets: Deleting an ApkAssets object '<empty> and /data/app/~~VX8sWO3F_R75ANQfzMUoQg==/sami.pro.keyboard.free-yYC25755FxfBy211IKnRzA==/split_config.arm64_v8a.apk' with 1 weak references
10-22 10:36:24.280 20647 16855 W jun.blackdexa32: ApkAssets: Deleting an ApkAssets object '<empty> and /data/app/~~8RB3o4zhgVdWoK-wY7mBRQ==/com.binance.dev-O8WMxl7hVggeqE0kU7Sy9g==/base.apk' with 1 weak references
10-22 10:36:24.281 20647 16855 W jun.blackdexa32: ApkAssets: Deleting an ApkAssets object '<empty> and /data/app/~~8RB3o4zhgVdWoK-wY7mBRQ==/com.binance.dev-O8WMxl7hVggeqE0kU7Sy9g==/split_agora.apk' with 1 weak references
10-22 10:36:24.281 20647 16855 W jun.blackdexa32: ApkAssets: Deleting an ApkAssets object '<empty> and /data/app/~~8RB3o4zhgVdWoK-wY7mBRQ==/com.binance.dev-O8WMxl7hVggeqE0kU7Sy9g==/split_agora.config.arm64_v8a.apk' with 1 weak references
10-22 10:36:24.281 20647 16855 W jun.blackdexa32: ApkAssets: Deleting an ApkAssets object '<empty> and /data/app/~~8RB3o4zhgVdWoK-wY7mBRQ==/com.binance.dev-O8WMxl7hVggeqE0kU7Sy9g==/split_agora.config.xxhdpi.apk' with 1 weak references
10-22 10:36:24.281 20647 16855 W jun.blackdexa32: ApkAssets: Deleting an ApkAssets object '<empty> and /data/app/~~8RB3o4zhgVdWoK-wY7mBRQ==/com.binance.dev-O8WMxl7hVggeqE0kU7Sy9g==/split_cameraml.apk' with 1 weak references
10-22 10:36:24.281 20647 16855 W jun.blackdexa32: ApkAssets: Deleting an ApkAssets object '<empty> and /data/app/~~8RB3o4zhgVdWoK-wY7mBRQ==/com.binance.dev-O8WMxl7hVggeqE0kU7Sy9g==/split_cameraml.config.arm64_v8a.apk' with 1 weak references
10-22 10:36:24.281 20647 16855 W jun.blackdexa32: ApkAssets: Deleting an ApkAssets object '<empty> and /data/app/~~8RB3o4zhgVdWoK-wY7mBRQ==/com.binance.dev-O8WMxl7hVggeqE0kU7Sy9g==/split_cameraml.config.xxhdpi.apk' with 1 weak references
10-22 10:36:24.281 20647 16855 W jun.blackdexa32: ApkAssets: Deleting an ApkAssets object '<empty> and /data/app/~~8RB3o4zhgVdWoK-wY7mBRQ==/com.binance.dev-O8WMxl7hVggeqE0kU7Sy9g==/split_config.ar.apk' with 1 weak references
10-22 10:36:24.281 20647 16855 W jun.blackdexa32: ApkAssets: Deleting an ApkAssets object '<empty> and /data/app/~~8RB3o4zhgVdWoK-wY7mBRQ==/com.binance.dev-O8WMxl7hVggeqE0kU7Sy9g==/split_config.arm64_v8a.apk' with 1 weak references
10-22 10:36:24.281 20647 16855 W jun.blackdexa32: ApkAssets: Deleting an ApkAssets object '<empty> and /data/app/~~8RB3o4zhgVdWoK-wY7mBRQ==/com.binance.dev-O8WMxl7hVggeqE0kU7Sy9g==/split_config.xxhdpi.apk' with 1 weak references
10-22 10:36:24.281 20647 16855 W jun.blackdexa32: ApkAssets: Deleting an ApkAssets object '<empty> and /data/app/~~8RB3o4zhgVdWoK-wY7mBRQ==/com.binance.dev-O8WMxl7hVggeqE0kU7Sy9g==/split_libMpcConnect.apk' with 1 weak references
10-22 10:36:24.281 20647 16855 W jun.blackdexa32: ApkAssets: Deleting an ApkAssets object '<empty> and /data/app/~~8RB3o4zhgVdWoK-wY7mBRQ==/com.binance.dev-O8WMxl7hVggeqE0kU7Sy9g==/split_libMpcConnect.config.arm64_v8a.apk' with 1 weak references
10-22 10:36:24.281 20647 16855 W jun.blackdexa32: ApkAssets: Deleting an ApkAssets object '<empty> and /data/app/~~8RB3o4zhgVdWoK-wY7mBRQ==/com.binance.dev-O8WMxl7hVggeqE0kU7Sy9g==/split_libMpcConnect.config.xxhdpi.apk' with 1 weak references
10-22 10:36:24.281 20647 16855 W jun.blackdexa32: ApkAssets: Deleting an ApkAssets object '<empty> and /data/app/~~8RB3o4zhgVdWoK-wY7mBRQ==/com.binance.dev-O8WMxl7hVggeqE0kU7Sy9g==/split_libMpcTrustWallet.apk' with 1 weak references
10-22 10:36:24.281 20647 16855 W jun.blackdexa32: ApkAssets: Deleting an ApkAssets object '<empty> and /data/app/~~8RB3o4zhgVdWoK-wY7mBRQ==/com.binance.dev-O8WMxl7hVggeqE0kU7Sy9g==/split_libMpcTrustWallet.config.arm64_v8a.apk' with 1 weak references
10-22 10:36:24.281 20647 16855 W jun.blackdexa32: ApkAssets: Deleting an ApkAssets object '<empty> and /data/app/~~8RB3o4zhgVdWoK-wY7mBRQ==/com.binance.dev-O8WMxl7hVggeqE0kU7Sy9g==/split_libMpcTrustWallet.config.xxhdpi.apk' with 1 weak references
